Component: ARM Compiler 5.05 (build 41) Tool: armlink [4d0eb9]

==============================================================================

Section Cross References

    startup_stm32f10x_md.o(RESET) refers to startup_stm32f10x_md.o(STACK) for __initial_sp
    startup_stm32f10x_md.o(RESET) refers to startup_stm32f10x_md.o(.text) for Reset_Handler
    startup_stm32f10x_md.o(RESET) refers to stm32f10x_it.o(.text) for NMI_Handler
    startup_stm32f10x_md.o(RESET) refers to systick.o(.text) for SysTick_Handler
    startup_stm32f10x_md.o(RESET) refers to usart.o(.text) for USART2_IRQHandler
    startup_stm32f10x_md.o(.text) refers to system_stm32f10x.o(.text) for SystemInit
    startup_stm32f10x_md.o(.text) refers to entry.o(.ARM.Collect$$$$00000000) for __main
    stm32f10x_gpio.o(.text) refers to stm32f10x_rcc.o(.text) for RCC_APB2PeriphResetCmd
    stm32f10x_rcc.o(.text) refers to stm32f10x_rcc.o(.data) for APBAHBPrescTable
    stm32f10x_usart.o(.text) refers to stm32f10x_rcc.o(.text) for RCC_APB2PeriphResetCmd
    stm32f10x_spi.o(.text) refers to stm32f10x_rcc.o(.text) for RCC_APB2PeriphResetCmd
    main.o(.text) refers to memseta.o(.text) for __aeabi_memclr
    main.o(.text) refers to memcpya.o(.text) for __aeabi_memcpy
    main.o(.text) refers to max7456.o(.text) for SPI_MAX7456_write
    main.o(.text) refers to stm32f10x_usart.o(.text) for USART_GetFlagStatus
    main.o(.text) refers to stm32f10x_rcc.o(.text) for RCC_APB2PeriphClockCmd
    main.o(.text) refers to systick.o(.text) for InitSysTick
    main.o(.text) refers to pins.o(.text) for GPIO_Config
    main.o(.text) refers to usart.o(.text) for usart_init
    main.o(.text) refers to printf6.o(i.__0printf$6) for __2printf
    main.o(.text) refers to osdmavlink.o(.text) for request_mavlink_rates
    main.o(.text) refers to utils.o(.text) for Delay_ms
    main.o(.text) refers to ffltui.o(.text) for __aeabi_ui2f
    main.o(.text) refers to main.o(.data) for io_redirect
    main.o(.text) refers to osdvar.o(.data) for request_next_font
    main.o(.text) refers to osdvar.o(.bss) for character_bitmap2
    system_stm32f10x.o(.text) refers to system_stm32f10x.o(.data) for SystemCoreClock
    pins.o(.text) refers to stm32f10x_gpio.o(.text) for GPIO_Init
    systick.o(.text) refers to systick.o(.data) for sysTickMillis
    systick.o(.text) refers to system_stm32f10x.o(.data) for SystemCoreClock
    utils.o(.text) refers to stm32f10x_gpio.o(.text) for GPIO_ToggleBits
    utils.o(.text) refers to fmul.o(.text) for __aeabi_fmul
    utils.o(.text) refers to cfrcmple.o(.text) for __aeabi_cfrcmple
    utils.o(.text) refers to fadd.o(.text) for __aeabi_fadd
    spi.o(.text) refers to stm32f10x_spi.o(.text) for SPI_Cmd
    max7456.o(.text) refers to stm32f10x_gpio.o(.text) for GPIO_ResetBits
    max7456.o(.text) refers to spi.o(.text) for SPI1_TransferByte
    max7456.o(.text) refers to utils.o(.text) for Delay_us
    max7456.o(.text) refers to max7456.o(.data) for max7456_videoMode
    max7456.o(.text) refers to main.o(.data) for io_redirect
    usart.o(.text) refers to memseta.o(.text) for __aeabi_memclr
    usart.o(.text) refers to memcpya.o(.text) for __aeabi_memcpy
    usart.o(.text) refers to stm32f10x_rcc.o(.text) for RCC_APB1PeriphClockCmd
    usart.o(.text) refers to stm32f10x_usart.o(.text) for USART_DeInit
    usart.o(.text) refers to misc.o(.text) for NVIC_Init
    usart.o(.text) refers to osdmavlink.o(.text) for uploadFont
    usart.o(.text) refers to usart.o(.bss) for mavlink_buf
    usart.o(.text) refers to osdvar.o(.data) for font_uploading
    usart.o(.text) refers to usart.o(.data) for last_mav_recv_buf_index
    osdmavlink.o(.text) refers to usart.o(.text) for usart_send_byte
    osdmavlink.o(.text) refers to memcpya.o(.text) for __aeabi_memcpy4
    osdmavlink.o(.text) refers to memseta.o(.text) for __aeabi_memclr
    osdmavlink.o(.text) refers to systick.o(.text) for micros
    osdmavlink.o(.text) refers to ffltui.o(.text) for __aeabi_ui2f
    osdmavlink.o(.text) refers to fdiv.o(.text) for __aeabi_fdiv
    osdmavlink.o(.text) refers to osdmavlink.o(.data) for mavlink_system
    osdmavlink.o(.text) refers to osdmavlink.o(.bss) for m_mavlink_buffer
    osdmavlink.o(.text) refers to osdmavlink.o(.constdata) for mavlink_message_crcs
    osdmavlink.o(.text) refers to osdvar.o(.data) for apm_mav_system
    osdmavlink.o(.text) refers to usart.o(.bss) for mavlink_buf
    osdmavlink.o(.text) refers to fflti.o(.text) for __aeabi_i2f
    osdmavlink.o(.text) refers to utils.o(.text) for Rad2Deg
    osdmavlink.o(.text) refers to ffixi.o(.text) for __aeabi_f2iz
    osdmavlink.o(.text) refers to osdvar.o(.bss) for character_bitmap
    panel.o(.text) refers to max7456.o(.text) for SPI_MAX7456_setPanel
    panel.o(.text) refers to printf6.o(i.__0printf$6) for __2printf
    panel.o(.text) refers to dflti.o(.text) for __aeabi_i2d
    panel.o(.text) refers to cdcmple.o(.text) for __aeabi_cdcmpeq
    panel.o(.text) refers to dmul.o(.text) for __aeabi_dmul
[...]
    tan.o(i.tan) refers (Special) to iusefp.o(.text) for __I$use$fp
    tan.o(i.tan) refers to errno.o(i.__set_errno) for __set_errno
    tan.o(i.tan) refers to dunder.o(i.__mathlib_dbl_invalid) for __mathlib_dbl_invalid
    tan.o(i.tan) refers to dunder.o(i.__mathlib_dbl_infnan) for __mathlib_dbl_infnan
    tan.o(i.tan) refers to rred.o(i.__ieee754_rem_pio2) for __ieee754_rem_pio2
    tan.o(i.tan) refers to tan_i.o(i.__kernel_tan) for __kernel_tan
    tan_x.o(i.____softfp_tan$lsc) refers (Special) to iusefp.o(.text) for __I$use$fp
    tan_x.o(i.____softfp_tan$lsc) refers to errno.o(i.__set_errno) for __set_errno
    tan_x.o(i.____softfp_tan$lsc) refers to dunder.o(i.__mathlib_dbl_infnan) for __mathlib_dbl_infnan
    tan_x.o(i.____softfp_tan$lsc) refers to rred.o(i.__ieee754_rem_pio2) for __ieee754_rem_pio2
    tan_x.o(i.____softfp_tan$lsc) refers to tan_i.o(i.__kernel_tan) for __kernel_tan
    tan_x.o(i.__tan$lsc) refers (Special) to iusefp.o(.text) for __I$use$fp
    tan_x.o(i.__tan$lsc) refers to errno.o(i.__set_errno) for __set_errno
    tan_x.o(i.__tan$lsc) refers to dunder.o(i.__mathlib_dbl_infnan) for __mathlib_dbl_infnan
    tan_x.o(i.__tan$lsc) refers to rred.o(i.__ieee754_rem_pio2) for __ieee754_rem_pio2
    tan_x.o(i.__tan$lsc) refers to tan_i.o(i.__kernel_tan) for __kernel_tan
    entry.o(.ARM.Collect$$$$00000000) refers (Special) to entry10a.o(.ARM.Collect$$$$0000000D) for __rt_final_cpp
    entry.o(.ARM.Collect$$$$00000000) refers (Special) to entry11a.o(.ARM.Collect$$$$0000000F) for __rt_final_exit
    entry.o(.ARM.Collect$$$$00000000) refers (Special) to entry7b.o(.ARM.Collect$$$$00000008) for _main_clock
    entry.o(.ARM.Collect$$$$00000000) refers (Special) to entry8b.o(.ARM.Collect$$$$0000000A) for _main_cpp_init
    entry.o(.ARM.Collect$$$$00000000) refers (Special) to entry9a.o(.ARM.Collect$$$$0000000B) for _main_init
    entry.o(.ARM.Collect$$$$00000000) refers (Special) to entry5.o(.ARM.Collect$$$$00000004) for _main_scatterload
    entry.o(.ARM.Collect$$$$00000000) refers (Special) to entry2.o(.ARM.Collect$$$$00000001) for _main_stk
    printfb.o(i.__0fprintf$bare) refers to printfb.o(i._printf_core) for _printf_core
    printfb.o(i.__0fprintf$bare) refers to main.o(.text) for fputc
    printfb.o(i.__0printf$bare) refers to printfb.o(i._printf_core) for _printf_core
    printfb.o(i.__0printf$bare) refers to main.o(.text) for fputc
    printfb.o(i.__0printf$bare) refers to stdout.o(.data) for __stdout
    printfb.o(i.__0snprintf$bare) refers to printfb.o(i._printf_core) for _printf_core
    printfb.o(i.__0snprintf$bare) refers to printfb.o(i._snputc) for _snputc
    printfb.o(i.__0sprintf$bare) refers to printfb.o(i._printf_core) for _printf_core
    printfb.o(i.__0sprintf$bare) refers to printfb.o(i._sputc) for _sputc
    printfb.o(i.__0vfprintf$bare) refers to printfb.o(i._printf_core) for _printf_core
    printfb.o(i.__0vfprintf$bare) refers to main.o(.text) for fputc
    printfb.o(i.__0vprintf$bare) refers to printfb.o(i._printf_core) for _printf_core
    printfb.o(i.__0vprintf$bare) refers to main.o(.text) for fputc
    printfb.o(i.__0vprintf$bare) refers to stdout.o(.data) for __stdout
    printfb.o(i.__0vsnprintf$bare) refers to printfb.o(i._printf_core) for _printf_core
    printfb.o(i.__0vsnprintf$bare) refers to printfb.o(i._snputc) for _snputc
    printfb.o(i.__0vsprintf$bare) refers to printfb.o(i._printf_core) for _printf_core
    printfb.o(i.__0vsprintf$bare) refers to printfb.o(i._sputc) for _sputc
    printf0.o(i.__0fprintf$0) refers to printf0.o(i._printf_core) for _printf_core
    printf0.o(i.__0fprintf$0) refers to main.o(.text) for fputc
    printf0.o(i.__0printf$0) refers to printf0.o(i._printf_core) for _printf_core
    printf0.o(i.__0printf$0) refers to main.o(.text) for fputc
    printf0.o(i.__0printf$0) refers to stdout.o(.data) for __stdout
    printf0.o(i.__0snprintf$0) refers to printf0.o(i._printf_core) for _printf_core
    printf0.o(i.__0snprintf$0) refers to printf0.o(i._snputc) for _snputc
    printf0.o(i.__0sprintf$0) refers to printf0.o(i._printf_core) for _printf_core
    printf0.o(i.__0sprintf$0) refers to printf0.o(i._sputc) for _sputc
    printf0.o(i.__0vfprintf$0) refers to printf0.o(i._printf_core) for _printf_core
    printf0.o(i.__0vfprintf$0) refers to main.o(.text) for fputc
    printf0.o(i.__0vprintf$0) refers to printf0.o(i._printf_core) for _printf_core
    printf0.o(i.__0vprintf$0) refers to main.o(.text) for fputc
    printf0.o(i.__0vprintf$0) refers to stdout.o(.data) for __stdout
    printf0.o(i.__0vsnprintf$0) refers to printf0.o(i._printf_core) for _printf_core
    printf0.o(i.__0vsnprintf$0) refers to printf0.o(i._snputc) for _snputc
    printf0.o(i.__0vsprintf$0) refers to printf0.o(i._printf_core) for _printf_core
    printf0.o(i.__0vsprintf$0) refers to printf0.o(i._sputc) for _sputc
    printf1.o(i.__0fprintf$1) refers to printf1.o(i._printf_core) for _printf_core
    printf1.o(i.__0fprintf$1) refers to main.o(.text) for fputc
    printf1.o(i.__0printf$1) refers to printf1.o(i._printf_core) for _printf_core
    printf1.o(i.__0printf$1) refers to main.o(.text) for fputc
    printf1.o(i.__0printf$1) refers to stdout.o(.data) for __stdout
    printf1.o(i.__0snprintf$1) refers to printf1.o(i._printf_core) for _printf_core
    printf1.o(i.__0snprintf$1) refers to printf1.o(i._snputc) for _snputc
    printf1.o(i.__0sprintf$1) refers to printf1.o(i._printf_core) for _printf_core
    printf1.o(i.__0sprintf$1) refers to printf1.o(i._sputc) for _sputc
    printf1.o(i.__0vfprintf$1) refers to printf1.o(i._printf_core) for _printf_core
    printf1.o(i.__0vfprintf$1) refers to main.o(.text) for fputc
    printf1.o(i.__0vprintf$1) refers to printf1.o(i._printf_core) for _printf_core
    printf1.o(i.__0vprintf$1) refers to main.o(.text) for fputc
    printf1.o(i.__0vprintf$1) refers to stdout.o(.data) for __stdout
    printf1.o(i.__0vsnprintf$1) refers to printf1.o(i._printf_core) for _printf_core
    printf1.o(i.__0vsnprintf$1) refers to printf1.o(i._snputc) for _snputc
    printf1.o(i.__0vsprintf$1) refers to printf1.o(i._printf_core) for _printf_core
    printf1.o(i.__0vsprintf$1) refers to printf1.o(i._sputc) for _sputc
    printf1.o(i._printf_core) refers to uidiv.o(.text) for __aeabi_uidivmod
    printf2.o(i.__0fprintf$2) refers to printf2.o(i._printf_core) for _printf_core
    printf2.o(i.__0fprintf$2) refers to main.o(.text) for fputc
    printf2.o(i.__0printf$2) refers to printf2.o(i._printf_core) for _printf_core
    printf2.o(i.__0printf$2) refers to main.o(.text) for fputc
    printf2.o(i.__0printf$2) refers to stdout.o(.data) for __stdout
    printf2.o(i.__0snprintf$2) refers to printf2.o(i._printf_core) for _printf_core
    printf2.o(i.__0snprintf$2) refers to printf2.o(i._snputc) for _snputc
    printf2.o(i.__0sprintf$2) refers to printf2.o(i._printf_core) for _printf_core
    printf2.o(i.__0sprintf$2) refers to printf2.o(i._sputc) for _sputc
    printf2.o(i.__0vfprintf$2) refers to printf2.o(i._printf_core) for _printf_core
    printf2.o(i.__0vfprintf$2) refers to main.o(.text) for fputc
    printf2.o(i.__0vprintf$2) refers to printf2.o(i._printf_core) for _printf_core
    printf2.o(i.__0vprintf$2) refers to main.o(.text) for fputc
    printf2.o(i.__0vprintf$2) refers to stdout.o(.data) for __stdout
    printf2.o(i.__0vsnprintf$2) refers to printf2.o(i._printf_core) for _printf_core
    printf2.o(i.__0vsnprintf$2) refers to printf2.o(i._snputc) for _snputc
    printf2.o(i.__0vsprintf$2) refers to printf2.o(i._printf_core) for _printf_core
    printf2.o(i.__0vsprintf$2) refers to printf2.o(i._sputc) for _sputc
    printf3.o(i.__0fprintf$3) refers to printf3.o(i._printf_core) for _printf_core
    printf3.o(i.__0fprintf$3) refers to main.o(.text) for fputc
    printf3.o(i.__0printf$3) refers to printf3.o(i._printf_core) for _printf_core
    printf3.o(i.__0printf$3) refers to main.o(.text) for fputc
    printf3.o(i.__0printf$3) refers to stdout.o(.data) for __stdout
    printf3.o(i.__0snprintf$3) refers to printf3.o(i._printf_core) for _printf_core
    printf3.o(i.__0snprintf$3) refers to printf3.o(i._snputc) for _snputc
    printf3.o(i.__0sprintf$3) refers to printf3.o(i._printf_core) for _printf_core
    printf3.o(i.__0sprintf$3) refers to printf3.o(i._sputc) for _sputc
    printf3.o(i.__0vfprintf$3) refers to printf3.o(i._printf_core) for _printf_core
    printf3.o(i.__0vfprintf$3) refers to main.o(.text) for fputc
    printf3.o(i.__0vprintf$3) refers to printf3.o(i._printf_core) for _printf_core
    printf3.o(i.__0vprintf$3) refers to main.o(.text) for fputc
    printf3.o(i.__0vprintf$3) refers to stdout.o(.data) for __stdout
    printf3.o(i.__0vsnprintf$3) refers to printf3.o(i._printf_core) for _printf_core
    printf3.o(i.__0vsnprintf$3) refers to printf3.o(i._snputc) for _snputc
    printf3.o(i.__0vsprintf$3) refers to printf3.o(i._printf_core) for _printf_core
    printf3.o(i.__0vsprintf$3) refers to printf3.o(i._sputc) for _sputc
    printf3.o(i._printf_core) refers to uidiv.o(.text) for __aeabi_uidivmod
    printf4.o(i.__0fprintf$4) refers to printf4.o(i._printf_core) for _printf_core
    printf4.o(i.__0fprintf$4) refers to main.o(.text) for fputc
    printf4.o(i.__0printf$4) refers to printf4.o(i._printf_core) for _printf_core
    printf4.o(i.__0printf$4) refers to main.o(.text) for fputc
    printf4.o(i.__0printf$4) refers to stdout.o(.data) for __stdout
    printf4.o(i.__0snprintf$4) refers to printf4.o(i._printf_core) for _printf_core
    printf4.o(i.__0snprintf$4) refers to printf4.o(i._snputc) for _snputc
    printf4.o(i.__0sprintf$4) refers to printf4.o(i._printf_core) for _printf_core
    printf4.o(i.__0sprintf$4) refers to printf4.o(i._sputc) for _sputc
    printf4.o(i.__0vfprintf$4) refers to printf4.o(i._printf_core) for _printf_core
    printf4.o(i.__0vfprintf$4) refers to main.o(.text) for fputc
    printf4.o(i.__0vprintf$4) refers to printf4.o(i._printf_core) for _printf_core
    printf4.o(i.__0vprintf$4) refers to main.o(.text) for fputc
    printf4.o(i.__0vprintf$4) refers to stdout.o(.data) for __stdout
    printf4.o(i.__0vsnprintf$4) refers to printf4.o(i._printf_core) for _printf_core
    printf4.o(i.__0vsnprintf$4) refers to printf4.o(i._snputc) for _snputc
    printf4.o(i.__0vsprintf$4) refers to printf4.o(i._printf_core) for _printf_core
    printf4.o(i.__0vsprintf$4) refers to printf4.o(i._sputc) for _sputc
    printf4.o(i._printf_core) refers to uldiv.o(.text) for __aeabi_uldivmod
    printf5.o(i.__0fprintf$5) refers to printf5.o(i._printf_core) for _printf_core
    printf5.o(i.__0fprintf$5) refers to main.o(.text) for fputc
    printf5.o(i.__0printf$5) refers to printf5.o(i._printf_core) for _printf_core
    printf5.o(i.__0printf$5) refers to main.o(.text) for fputc
    printf5.o(i.__0printf$5) refers to stdout.o(.data) for __stdout
    printf5.o(i.__0snprintf$5) refers to printf5.o(i._printf_core) for _printf_core
    printf5.o(i.__0snprintf$5) refers to printf5.o(i._snputc) for _snputc
    printf5.o(i.__0sprintf$5) refers to printf5.o(i._printf_core) for _printf_core
    printf5.o(i.__0sprintf$5) refers to printf5.o(i._sputc) for _sputc
    printf5.o(i.__0vfprintf$5) refers to printf5.o(i._printf_core) for _printf_core
    printf5.o(i.__0vfprintf$5) refers to main.o(.text) for fputc
    printf5.o(i.__0vprintf$5) refers to printf5.o(i._printf_core) for _printf_core
    printf5.o(i.__0vprintf$5) refers to main.o(.text) for fputc
    printf5.o(i.__0vprintf$5) refers to stdout.o(.data) for __stdout
    printf5.o(i.__0vsnprintf$5) refers to printf5.o(i._printf_core) for _printf_core
    printf5.o(i.__0vsnprintf$5) refers to printf5.o(i._snputc) for _snputc
    printf5.o(i.__0vsprintf$5) refers to printf5.o(i._printf_core) for _printf_core
    printf5.o(i.__0vsprintf$5) refers to printf5.o(i._sputc) for _sputc
    printf5.o(i._printf_core) refers to uldiv.o(.text) for __aeabi_uldivmod
    printf6.o(i.__0fprintf$6) refers to printf6.o(i._printf_core) for _printf_core
    printf6.o(i.__0fprintf$6) refers to main.o(.text) for fputc
    printf6.o(i.__0printf$6) refers to printf6.o(i._printf_core) for _printf_core
    printf6.o(i.__0printf$6) refers to main.o(.text) for fputc
    printf6.o(i.__0printf$6) refers to stdout.o(.data) for __stdout
    printf6.o(i.__0snprintf$6) refers to printf6.o(i._printf_core) for _printf_core
    printf6.o(i.__0snprintf$6) refers to printf6.o(i._snputc) for _snputc
    printf6.o(i.__0sprintf$6) refers to printf6.o(i._printf_core) for _printf_core
    printf6.o(i.__0sprintf$6) refers to printf6.o(i._sputc) for _sputc
    printf6.o(i.__0vfprintf$6) refers to printf6.o(i._printf_core) for _printf_core
    printf6.o(i.__0vfprintf$6) refers to main.o(.text) for fputc
    printf6.o(i.__0vprintf$6) refers to printf6.o(i._printf_core) for _printf_core
    printf6.o(i.__0vprintf$6) refers to main.o(.text) for fputc
    printf6.o(i.__0vprintf$6) refers to stdout.o(.data) for __stdout
    printf6.o(i.__0vsnprintf$6) refers to printf6.o(i._printf_core) for _printf_core
    printf6.o(i.__0vsnprintf$6) refers to printf6.o(i._snputc) for _snputc
    printf6.o(i.__0vsprintf$6) refers to printf6.o(i._printf_core) for _printf_core
    printf6.o(i.__0vsprintf$6) refers to printf6.o(i._sputc) for _sputc
    printf6.o(i._printf_core) refers to printf6.o(i._printf_pre_padding) for _printf_pre_padding
    printf6.o(i._printf_core) refers to uidiv.o(.text) for __aeabi_uidivmod
    printf6.o(i._printf_core) refers to printf6.o(i._printf_post_padding) for _printf_post_padding
    printf7.o(i.__0fprintf$7) refers to printf7.o(i._printf_core) for _printf_core
    printf7.o(i.__0fprintf$7) refers to main.o(.text) for fputc
    printf7.o(i.__0printf$7) refers to printf7.o(i._printf_core) for _printf_core
    printf7.o(i.__0printf$7) refers to main.o(.text) for fputc
    printf7.o(i.__0printf$7) refers to stdout.o(.data) for __stdout
    printf7.o(i.__0snprintf$7) refers to printf7.o(i._printf_core) for _printf_core
    printf7.o(i.__0snprintf$7) refers to printf7.o(i._snputc) for _snputc
    printf7.o(i.__0sprintf$7) refers to printf7.o(i._printf_core) for _printf_core
    printf7.o(i.__0sprintf$7) refers to printf7.o(i._sputc) for _sputc
    printf7.o(i.__0vfprintf$7) refers to printf7.o(i._printf_core) for _printf_core
    printf7.o(i.__0vfprintf$7) refers to main.o(.text) for fputc
    printf7.o(i.__0vprintf$7) refers to printf7.o(i._printf_core) for _printf_core
    printf7.o(i.__0vprintf$7) refers to main.o(.text) for fputc
    printf7.o(i.__0vprintf$7) refers to stdout.o(.data) for __stdout
    printf7.o(i.__0vsnprintf$7) refers to printf7.o(i._printf_core) for _printf_core
    printf7.o(i.__0vsnprintf$7) refers to printf7.o(i._snputc) for _snputc
    printf7.o(i.__0vsprintf$7) refers to printf7.o(i._printf_core) for _printf_core
    printf7.o(i.__0vsprintf$7) refers to printf7.o(i._sputc) for _sputc
    printf7.o(i._printf_core) refers to printf7.o(i._printf_pre_padding) for _printf_pre_padding
    printf7.o(i._printf_core) refers to uldiv.o(.text) for __aeabi_uldivmod
    printf7.o(i._printf_core) refers to printf7.o(i._printf_post_padding) for _printf_post_padding
    printf8.o(i.__0fprintf$8) refers to printf8.o(i._printf_core) for _printf_core
    printf8.o(i.__0fprintf$8) refers to main.o(.text) for fputc
    printf8.o(i.__0printf$8) refers to printf8.o(i._printf_core) for _printf_core
    printf8.o(i.__0printf$8) refers to main.o(.text) for fputc
    printf8.o(i.__0printf$8) refers to stdout.o(.data) for __stdout
    printf8.o(i.__0snprintf$8) refers to printf8.o(i._printf_core) for _printf_core
    printf8.o(i.__0snprintf$8) refers to printf8.o(i._snputc) for _snputc
    printf8.o(i.__0sprintf$8) refers to printf8.o(i._printf_core) for _printf_core
    printf8.o(i.__0sprintf$8) refers to printf8.o(i._sputc) for _sputc
    printf8.o(i.__0vfprintf$8) refers to printf8.o(i._printf_core) for _printf_core
    printf8.o(i.__0vfprintf$8) refers to main.o(.text) for fputc
    printf8.o(i.__0vprintf$8) refers to printf8.o(i._printf_core) for _printf_core
    printf8.o(i.__0vprintf$8) refers to main.o(.text) for fputc
    printf8.o(i.__0vprintf$8) refers to stdout.o(.data) for __stdout
    printf8.o(i.__0vsnprintf$8) refers to printf8.o(i._printf_core) for _printf_core
    printf8.o(i.__0vsnprintf$8) refers to printf8.o(i._snputc) for _snputc
    printf8.o(i.__0vsprintf$8) refers to printf8.o(i._printf_core) for _printf_core
    printf8.o(i.__0vsprintf$8) refers to printf8.o(i._sputc) for _sputc
    printf8.o(i._printf_core) refers to printf8.o(i._printf_pre_padding) for _printf_pre_padding
    printf8.o(i._printf_core) refers to uldiv.o(.text) for __aeabi_uldivmod
    printf8.o(i._printf_core) refers to printf8.o(i._printf_post_padding) for _printf_post_padding
    printfa.o(i.__0fprintf) refers (Special) to iusefp.o(.text) for __I$use$fp
    printfa.o(i.__0fprintf) refers to printfa.o(i._printf_core) for _printf_core
    printfa.o(i.__0fprintf) refers to main.o(.text) for fputc
    printfa.o(i.__0printf) refers (Special) to iusefp.o(.text) for __I$use$fp
    printfa.o(i.__0printf) refers to printfa.o(i._printf_core) for _printf_core
    printfa.o(i.__0printf) refers to main.o(.text) for fputc
    printfa.o(i.__0printf) refers to stdout.o(.data) for __stdout
    printfa.o(i.__0snprintf) refers (Special) to iusefp.o(.text) for __I$use$fp
    printfa.o(i.__0snprintf) refers to printfa.o(i._printf_core) for _printf_core
    printfa.o(i.__0snprintf) refers to printfa.o(i._snputc) for _snputc
    printfa.o(i.__0sprintf) refers (Special) to iusefp.o(.text) for __I$use$fp
    printfa.o(i.__0sprintf) refers to printfa.o(i._printf_core) for _printf_core
    printfa.o(i.__0sprintf) refers to printfa.o(i._sputc) for _sputc
    printfa.o(i.__0vfprintf) refers (Special) to iusefp.o(.text) for __I$use$fp
    printfa.o(i.__0vfprintf) refers to printfa.o(i._printf_core) for _printf_core
    printfa.o(i.__0vfprintf) refers to main.o(.text) for fputc
    printfa.o(i.__0vprintf) refers (Special) to iusefp.o(.text) for __I$use$fp
    printfa.o(i.__0vprintf) refers to printfa.o(i._printf_core) for _printf_core
    printfa.o(i.__0vprintf) refers to main.o(.text) for fputc
    printfa.o(i.__0vprintf) refers to stdout.o(.data) for __stdout
    printfa.o(i.__0vsnprintf) refers (Special) to iusefp.o(.text) for __I$use$fp
    printfa.o(i.__0vsnprintf) refers to printfa.o(i._printf_core) for _printf_core
    printfa.o(i.__0vsnprintf) refers to printfa.o(i._snputc) for _snputc
    printfa.o(i.__0vsprintf) refers (Special) to iusefp.o(.text) for __I$use$fp
    printfa.o(i.__0vsprintf) refers to printfa.o(i._printf_core) for _printf_core
    printfa.o(i.__0vsprintf) refers to printfa.o(i._sputc) for _sputc
    printfa.o(i._fp_digits) refers (Special) to iusefp.o(.text) for __I$use$fp
    printfa.o(i._fp_digits) refers to dmul.o(.text) for __aeabi_dmul
    printfa.o(i._fp_digits) refers to ddiv.o(.text) for __aeabi_ddiv
    printfa.o(i._fp_digits) refers to cdrcmple.o(.text) for __aeabi_cdrcmple
    printfa.o(i._fp_digits) refers to dadd.o(.text) for __aeabi_dadd
    printfa.o(i._fp_digits) refers to dfixul.o(.text) for __aeabi_d2ulz
    printfa.o(i._fp_digits) refers to uldiv.o(.text) for __aeabi_uldivmod
    printfa.o(i._printf_core) refers (Special) to iusefp.o(.text) for __I$use$fp
    printfa.o(i._printf_core) refers to printfa.o(i._printf_pre_padding) for _printf_pre_padding
    printfa.o(i._printf_core) refers to uldiv.o(.text) for __aeabi_uldivmod
    printfa.o(i._printf_core) refers to printfa.o(i._printf_post_padding) for _printf_post_padding
    printfa.o(i._printf_core) refers to printfa.o(i._fp_digits) for _fp_digits
    printfa.o(i._printf_core) refers to uidiv.o(.text) for __aeabi_uidivmod
    printfa.o(i._printf_post_padding) refers (Special) to iusefp.o(.text) for __I$use$fp
    printfa.o(i._printf_pre_padding) refers (Special) to iusefp.o(.text) for __I$use$fp
    printfa.o(i._snputc) refers (Special) to iusefp.o(.text) for __I$use$fp
    printfa.o(i._sputc) refers (Special) to iusefp.o(.text) for __I$use$fp
    fadd.o(.text) refers (Special) to iusefp.o(.text) for __I$use$fp
    fadd.o(.text) refers to fepilogue.o(.text) for _float_epilogue
    fmul.o(.text) refers (Special) to iusefp.o(.text) for __I$use$fp
    fdiv.o(.text) refers (Special) to iusefp.o(.text) for __I$use$fp
    fdiv.o(.text) refers to fepilogue.o(.text) for _float_round
    dadd.o(.text) refers (Special) to iusefp.o(.text) for __I$use$fp
    dadd.o(.text) refers to llshl.o(.text) for __aeabi_llsl
    dadd.o(.text) refers to llsshr.o(.text) for __aeabi_lasr
    dadd.o(.text) refers to depilogue.o(.text) for _double_epilogue
    dmul.o(.text) refers (Special) to iusefp.o(.text) for __I$use$fp
    dmul.o(.text) refers to depilogue.o(.text) for _double_epilogue
    fflti.o(.text) refers (Special) to iusefp.o(.text) for __I$use$fp
    fflti.o(.text) refers to fepilogue.o(.text) for _float_epilogue
    ffltui.o(.text) refers (Special) to iusefp.o(.text) for __I$use$fp
    ffltui.o(.text) refers to fepilogue.o(.text) for _float_epilogue
    dflti.o(.text) refers (Special) to iusefp.o(.text) for __I$use$fp
    dflti.o(.text) refers to depilogue.o(.text) for _double_epilogue
    ffixi.o(.text) refers (Special) to iusefp.o(.text) for __I$use$fp
    dfixi.o(.text) refers (Special) to iusefp.o(.text) for __I$use$fp
    dfixi.o(.text) refers to llushr.o(.text) for __aeabi_llsr
    f2d.o(.text) refers (Special) to iusefp.o(.text) for __I$use$fp
    cdcmple.o(.text) refers (Special) to iusefp.o(.text) for __I$use$fp
    d2f.o(.text) refers (Special) to iusefp.o(.text) for __I$use$fp
    d2f.o(.text) refers to fepilogue.o(.text) for _float_round
    cfcmple.o(.text) refers (Special) to iusefp.o(.text) for __I$use$fp
    cfrcmple.o(.text) refers (Special) to iusefp.o(.text) for __I$use$fp
    dunder.o(i.__mathlib_dbl_divzero) refers to ddiv.o(.text) for __aeabi_ddiv
    dunder.o(i.__mathlib_dbl_infnan) refers to dscalb.o(.text) for __ARM_scalbn
    dunder.o(i.__mathlib_dbl_infnan2) refers to dadd.o(.text) for __aeabi_dadd
    dunder.o(i.__mathlib_dbl_invalid) refers to ddiv.o(.text) for __aeabi_ddiv
    dunder.o(i.__mathlib_dbl_overflow) refers to dscalb.o(.text) for __ARM_scalbn
    dunder.o(i.__mathlib_dbl_posinfnan) refers to dmul.o(.text) for __aeabi_dmul
    dunder.o(i.__mathlib_dbl_underflow) refers to dscalb.o(.text) for __ARM_scalbn
    rred.o(i.__ieee754_rem_pio2) refers (Special) to iusefp.o(.text) for __I$use$fp
    rred.o(i.__ieee754_rem_pio2) refers to dadd.o(.text) for __aeabi_dsub
    rred.o(i.__ieee754_rem_pio2) refers to dmul.o(.text) for __aeabi_dmul
    rred.o(i.__ieee754_rem_pio2) refers to dfixi.o(.text) for __aeabi_d2iz
    rred.o(i.__ieee754_rem_pio2) refers to dflti.o(.text) for __aeabi_i2d
    rred.o(i.__ieee754_rem_pio2) refers to dfltui.o(.text) for __aeabi_ui2d
    rred.o(i.__ieee754_rem_pio2) refers to dscalb.o(.text) for __ARM_scalbn
    rred.o(i.__ieee754_rem_pio2) refers to rred.o(.constdata) for .constdata
    rred.o(i.__use_accurate_range_reduction) refers (Special) to iusefp.o(.text) for __I$use$fp
    rred.o(.constdata) refers (Special) to iusefp.o(.text) for __I$use$fp
    tan_i.o(i.__kernel_tan) refers (Special) to iusefp.o(.text) for __I$use$fp
    tan_i.o(i.__kernel_tan) refers to dfixi.o(.text) for __aeabi_d2iz
    tan_i.o(i.__kernel_tan) refers to dadd.o(.text) for __aeabi_drsub
    tan_i.o(i.__kernel_tan) refers to dmul.o(.text) for __aeabi_dmul
    tan_i.o(i.__kernel_tan) refers to poly.o(i.__kernel_poly) for __kernel_poly
    tan_i.o(i.__kernel_tan) refers to dflti.o(.text) for __aeabi_i2d
    tan_i.o(i.__kernel_tan) refers to ddiv.o(.text) for __aeabi_ddiv
    tan_i.o(i.__kernel_tan) refers to dscalb.o(.text) for __ARM_scalbn
    tan_i.o(i.__kernel_tan) refers to fpclassify.o(i.__ARM_fpclassify) for __ARM_fpclassify
    tan_i.o(i.__kernel_tan) refers to dunder.o(i.__mathlib_dbl_underflow) for __mathlib_dbl_underflow
    tan_i.o(i.__kernel_tan) refers to tan_i.o(.constdata) for .constdata
    tan_i.o(.constdata) refers (Special) to iusefp.o(.text) for __I$use$fp
    tan_i_x.o(i.____kernel_tan$lsc) refers (Special) to iusefp.o(.text) for __I$use$fp
    tan_i_x.o(i.____kernel_tan$lsc) refers to dfixi.o(.text) for __aeabi_d2iz
    tan_i_x.o(i.____kernel_tan$lsc) refers to dadd.o(.text) for __aeabi_drsub
    tan_i_x.o(i.____kernel_tan$lsc) refers to dmul.o(.text) for __aeabi_dmul
    tan_i_x.o(i.____kernel_tan$lsc) refers to poly.o(i.__kernel_poly) for __kernel_poly
    tan_i_x.o(i.____kernel_tan$lsc) refers to dflti.o(.text) for __aeabi_i2d
    tan_i_x.o(i.____kernel_tan$lsc) refers to ddiv.o(.text) for __aeabi_ddiv
    tan_i_x.o(i.____kernel_tan$lsc) refers to dscalb.o(.text) for __ARM_scalbn
    tan_i_x.o(i.____kernel_tan$lsc) refers to tan_i_x.o(.constdata) for .constdata
    tan_i_x.o(.constdata) refers (Special) to iusefp.o(.text) for __I$use$fp
    entry2.o(.ARM.Collect$$$$00000001) refers to entry2.o(.ARM.Collect$$$$00002712) for __lit__00000000
    entry2.o(.ARM.Collect$$$$00002712) refers to startup_stm32f10x_md.o(STACK) for __initial_sp
    entry2.o(__vectab_stack_and_reset_area) refers to startup_stm32f10x_md.o(STACK) for __initial_sp
    entry2.o(__vectab_stack_and_reset_area) refers to entry.o(.ARM.Collect$$$$00000000) for __main
    entry5.o(.ARM.Collect$$$$00000004) refers to init.o(.text) for __scatterload
    entry9a.o(.ARM.Collect$$$$0000000B) refers to main.o(.text) for main
    entry9b.o(.ARM.Collect$$$$0000000C) refers to main.o(.text) for main
    uldiv.o(.text) refers to llushr.o(.text) for __aeabi_llsr
    uldiv.o(.text) refers to llshl.o(.text) for __aeabi_llsl
    errno.o(i.__aeabi_errno_addr) refers to errno.o(.data) for .data
    errno.o(i.__read_errno) refers to errno.o(.data) for .data
    errno.o(i.__set_errno) refers to errno.o(.data) for .data
    depilogue.o(.text) refers to llshl.o(.text) for __aeabi_llsl
    depilogue.o(.text) refers to llushr.o(.text) for __aeabi_llsr
    ddiv.o(.text) refers to depilogue.o(.text) for _double_round
    drnd.o(.text) refers to llshl.o(.text) for __aeabi_llsl
    drnd.o(.text) refers to llushr.o(.text) for __aeabi_llsr
    drnd.o(.text) refers to depilogue.o(.text) for _double_round
    dfixul.o(.text) refers to llushr.o(.text) for __aeabi_llsr
    dfixul.o(.text) refers to llshl.o(.text) for __aeabi_llsl
    fpclassify.o(i.__ARM_fpclassify) refers (Special) to iusefp.o(.text) for __I$use$fp
    poly.o(i.__kernel_poly) refers (Special) to iusefp.o(.text) for __I$use$fp
    poly.o(i.__kernel_poly) refers to dmul.o(.text) for __aeabi_dmul
    poly.o(i.__kernel_poly) refers to dadd.o(.text) for __aeabi_dadd
    init.o(.text) refers to entry5.o(.ARM.Collect$$$$00000004) for __main_after_scatterload
    dfltui.o(.text) refers to depilogue.o(.text) for _double_epilogue


==============================================================================

Removing Unused input sections from the image.

    Removing core_cm3.o(.emb_text), (32 bytes).
    Removing startup_stm32f10x_md.o(HEAP), (512 bytes).
    Removing panel.o(.text), (1024 bytes).
    Removing panel.o(.data), (25 bytes).
    Removing dadd.o(.text), (334 bytes).
    Removing dmul.o(.text), (228 bytes).
    Removing dflti.o(.text), (34 bytes).
    Removing dfixi.o(.text), (62 bytes).
    Removing f2d.o(.text), (38 bytes).
    Removing cdcmple.o(.text), (48 bytes).
    Removing d2f.o(.text), (56 bytes).
    Removing cfcmple.o(.text), (20 bytes).
    Removing depilogue.o(.text), (186 bytes).
    Removing ddiv.o(.text), (222 bytes).
    Removing drnd.o(.text), (136 bytes).
    Removing dfixul.o(.text), (48 bytes).
    Removing cdrcmple.o(.text), (48 bytes).
    Removing dscalb.o(.text), (46 bytes).
    Removing dfltui.o(.text), (26 bytes).

19 unused section(s) (total 3125 bytes) removed from the image.

==============================================================================

Image Symbol Table

    Local Symbols

    Symbol Name                              Value     Ov Type        Size  Object(Section)

    ../clib/microlib/division.c              0x00000000   Number         0  uidiv.o ABSOLUTE
    ../clib/microlib/division.c              0x00000000   Number         0  uldiv.o ABSOLUTE
    ../clib/microlib/errno.c                 0x00000000   Number         0  errno.o ABSOLUTE
    ../clib/microlib/init/entry.s            0x00000000   Number         0  entry11b.o ABSOLUTE
    ../clib/microlib/init/entry.s            0x00000000   Number         0  entry11a.o ABSOLUTE
    ../clib/microlib/init/entry.s            0x00000000   Number         0  entry10b.o ABSOLUTE
    ../clib/microlib/init/entry.s            0x00000000   Number         0  entry10a.o ABSOLUTE
    ../clib/microlib/init/entry.s            0x00000000   Number         0  entry9b.o ABSOLUTE
    ../clib/microlib/init/entry.s            0x00000000   Number         0  entry9a.o ABSOLUTE
    ../clib/microlib/init/entry.s            0x00000000   Number         0  entry8b.o ABSOLUTE
    ../clib/microlib/init/entry.s            0x00000000   Number         0  entry8a.o ABSOLUTE
    ../clib/microlib/init/entry.s            0x00000000   Number         0  entry7b.o ABSOLUTE
    ../clib/microlib/init/entry.s            0x00000000   Number         0  entry7a.o ABSOLUTE
    ../clib/microlib/init/entry.s            0x00000000   Number         0  entry5.o ABSOLUTE
    ../clib/microlib/init/entry.s            0x00000000   Number         0  entry2.o ABSOLUTE
    ../clib/microlib/init/entry.s            0x00000000   Number         0  entry.o ABSOLUTE
    ../clib/microlib/longlong.c              0x00000000   Number         0  llushr.o ABSOLUTE
    ../clib/microlib/longlong.c              0x00000000   Number         0  llsshr.o ABSOLUTE
    ../clib/microlib/longlong.c              0x00000000   Number         0  llshl.o ABSOLUTE
    ../clib/microlib/printf/printf.c         0x00000000   Number         0  printfb.o ABSOLUTE
    ../clib/microlib/printf/printf.c         0x00000000   Number         0  printf0.o ABSOLUTE
    ../clib/microlib/printf/printf.c         0x00000000   Number         0  printf1.o ABSOLUTE
    ../clib/microlib/printf/printf.c         0x00000000   Number         0  printf2.o ABSOLUTE
    ../clib/microlib/printf/printf.c         0x00000000   Number         0  printf3.o ABSOLUTE
    ../clib/microlib/printf/printf.c         0x00000000   Number         0  printfa.o ABSOLUTE
    ../clib/microlib/printf/printf.c         0x00000000   Number         0  printf5.o ABSOLUTE
    ../clib/microlib/printf/printf.c         0x00000000   Number         0  printf8.o ABSOLUTE
    ../clib/microlib/printf/printf.c         0x00000000   Number         0  printf7.o ABSOLUTE
    ../clib/microlib/printf/printf.c         0x00000000   Number         0  printf6.o ABSOLUTE
    ../clib/microlib/printf/printf.c         0x00000000   Number         0  printf4.o ABSOLUTE
    ../clib/microlib/printf/stubs.s          0x00000000   Number         0  stubs.o ABSOLUTE
    ../clib/microlib/stdio/streams.c         0x00000000   Number         0  stdout.o ABSOLUTE
    ../clib/microlib/string/memcpy.c         0x00000000   Number         0  memcpyb.o ABSOLUTE
    ../clib/microlib/string/memcpy.c         0x00000000   Number         0  memcpya.o ABSOLUTE
    ../clib/microlib/string/memset.c         0x00000000   Number         0  memseta.o ABSOLUTE
    ../clib/microlib/stubs.s                 0x00000000   Number         0  iusefp.o ABSOLUTE
    ../fplib/microlib/d2f.c                  0x00000000   Number         0  d2f.o ABSOLUTE
    ../fplib/microlib/f2d.c                  0x00000000   Number         0  f2d.o ABSOLUTE
    ../fplib/microlib/fpadd.c                0x00000000   Number         0  fadd.o ABSOLUTE
    ../fplib/microlib/fpadd.c                0x00000000   Number         0  dadd.o ABSOLUTE
    ../fplib/microlib/fpdiv.c                0x00000000   Number         0  ddiv.o ABSOLUTE
    ../fplib/microlib/fpdiv.c                0x00000000   Number         0  fdiv.o ABSOLUTE
    ../fplib/microlib/fpepilogue.c           0x00000000   Number         0  depilogue.o ABSOLUTE
    ../fplib/microlib/fpepilogue.c           0x00000000   Number         0  fepilogue.o ABSOLUTE
    ../fplib/microlib/fpfix.c                0x00000000   Number         0  dfixi.o ABSOLUTE
    ../fplib/microlib/fpfix.c                0x00000000   Number         0  ffixi.o ABSOLUTE
    ../fplib/microlib/fpfix.c                0x00000000   Number         0  dfixul.o ABSOLUTE
    ../fplib/microlib/fpflt.c                0x00000000   Number         0  fflti.o ABSOLUTE
    ../fplib/microlib/fpflt.c                0x00000000   Number         0  dfltui.o ABSOLUTE
    ../fplib/microlib/fpflt.c                0x00000000   Number         0  ffltui.o ABSOLUTE
    ../fplib/microlib/fpflt.c                0x00000000   Number         0  dflti.o ABSOLUTE
    ../fplib/microlib/fpmul.c                0x00000000   Number         0  dmul.o ABSOLUTE
    ../fplib/microlib/fpmul.c                0x00000000   Number         0  fmul.o ABSOLUTE
    ../fplib/microlib/fprnd.c                0x00000000   Number         0  drnd.o ABSOLUTE
    ../fplib/microlib/fpscalb.c              0x00000000   Number         0  dscalb.o ABSOLUTE
    ../mathlib/dunder.c                      0x00000000   Number         0  dunder.o ABSOLUTE
    ../mathlib/fpclassify.c                  0x00000000   Number         0  fpclassify.o ABSOLUTE
    ../mathlib/poly.c                        0x00000000   Number         0  poly.o ABSOLUTE
    ../mathlib/round.c                       0x00000000   Number         0  round.o ABSOLUTE
    ../mathlib/rred.c                        0x00000000   Number         0  rred.o ABSOLUTE
    ../mathlib/tan.c                         0x00000000   Number         0  tan.o ABSOLUTE
    ../mathlib/tan.c                         0x00000000   Number         0  tan_x.o ABSOLUTE
    ../mathlib/tan_i.c                       0x00000000   Number         0  tan_i_x.o ABSOLUTE
    ../mathlib/tan_i.c                       0x00000000   Number         0  tan_i.o ABSOLUTE
    CORE\\core_cm3.c                         0x00000000   Number         0  core_cm3.o ABSOLUTE
    CORE\core_cm3.c                          0x00000000   Number         0  core_cm3.o ABSOLUTE
    CORE\startup_stm32f10x_md.s              0x00000000   Number         0  startup_stm32f10x_md.o ABSOLUTE
    STM32F10x_FWLib\src\misc.c               0x00000000   Number         0  misc.o ABSOLUTE
    STM32F10x_FWLib\src\stm32f10x_gpio.c     0x00000000   Number         0  stm32f10x_gpio.o ABSOLUTE
    STM32F10x_FWLib\src\stm32f10x_rcc.c      0x00000000   Number         0  stm32f10x_rcc.o ABSOLUTE
    STM32F10x_FWLib\src\stm32f10x_spi.c      0x00000000   Number         0  stm32f10x_spi.o ABSOLUTE
    STM32F10x_FWLib\src\stm32f10x_usart.c    0x00000000   Number         0  stm32f10x_usart.o ABSOLUTE
    USER\OSDMavlink.c                        0x00000000   Number         0  osdmavlink.o ABSOLUTE
    USER\main.c                              0x00000000   Number         0  main.o ABSOLUTE
    USER\max7456.c                           0x00000000   Number         0  max7456.o ABSOLUTE
    USER\osdvar.c                            0x00000000   Number         0  osdvar.o ABSOLUTE
    USER\panel.c                             0x00000000   Number         0  panel.o ABSOLUTE
    USER\pins.c                              0x00000000   Number         0  pins.o ABSOLUTE
    USER\spi.c                               0x00000000   Number         0  spi.o ABSOLUTE
    USER\stm32f10x_it.c                      0x00000000   Number         0  stm32f10x_it.o ABSOLUTE
    USER\system_stm32f10x.c                  0x00000000   Number         0  system_stm32f10x.o ABSOLUTE
    USER\systick.c                           0x00000000   Number         0  systick.o ABSOLUTE
    USER\usart.c                             0x00000000   Number         0  usart.o ABSOLUTE
    USER\utils.c                             0x00000000   Number         0  utils.o ABSOLUTE
    cdcmple.s                                0x00000000   Number         0  cdcmple.o ABSOLUTE
    cdrcmple.s                               0x00000000   Number         0  cdrcmple.o ABSOLUTE
    cfcmple.s                                0x00000000   Number         0  cfcmple.o ABSOLUTE
    cfrcmple.s                               0x00000000   Number         0  cfrcmple.o ABSOLUTE
    dc.s                                     0x00000000   Number         0  dc.o ABSOLUTE
    handlers.s                               0x00000000   Number         0  handlers.o ABSOLUTE
    init.s                                   0x00000000   Number         0  init.o ABSOLUTE
    RESET                                    0x08000000   Section      236  startup_stm32f10x_md.o(RESET)
    .ARM.Collect$$$$00000000                 0x080000ec   Section        0  entry.o(.ARM.Collect$$$$00000000)
    .ARM.Collect$$$$00000001                 0x080000ec   Section        4  entry2.o(.ARM.Collect$$$$00000001)
    .ARM.Collect$$$$00000004                 0x080000f0   Section        4  entry5.o(.ARM.Collect$$$$00000004)
    .ARM.Collect$$$$00000008                 0x080000f4   Section        0  entry7b.o(.ARM.Collect$$$$00000008)
    .ARM.Collect$$$$0000000A                 0x080000f4   Section        0  entry8b.o(.ARM.Collect$$$$0000000A)
    .ARM.Collect$$$$0000000B                 0x080000f4   Section        8  entry9a.o(.ARM.Collect$$$$0000000B)
    .ARM.Collect$$$$0000000D                 0x080000fc   Section        0  entry10a.o(.ARM.Collect$$$$0000000D)
    .ARM.Collect$$$$0000000F                 0x080000fc   Section        0  entry11a.o(.ARM.Collect$$$$0000000F)
    .ARM.Collect$$$$00002712                 0x080000fc   Section        4  entry2.o(.ARM.Collect$$$$00002712)
    __lit__00000000                          0x080000fc   Data           4  entry2.o(.ARM.Collect$$$$00002712)
    .text                                    0x08000100   Section       36  startup_stm32f10x_md.o(.text)
    .text                                    0x08000124   Section        0  misc.o(.text)
    .text                                    0x08000200   Section        0  stm32f10x_gpio.o(.text)
    .text                                    0x08000564   Section        0  stm32f10x_rcc.o(.text)
    .text                                    0x08000908   Section        0  stm32f10x_usart.o(.text)
    .text                                    0x08000d10   Section        0  stm32f10x_spi.o(.text)
    .text                                    0x0800101c   Section        0  main.o(.text)
    mav_array_memcpy                         0x0800101d   Thumb Code    32  main.o(.text)
    .text                                    0x080011cc   Section        0  stm32f10x_it.o(.text)
    .text                                    0x080011e4   Section        0  system_stm32f10x.o(.text)
    SetSysClockTo72                          0x080011e5   Thumb Code   214  system_stm32f10x.o(.text)
    SetSysClock                              0x080012bb   Thumb Code     8  system_stm32f10x.o(.text)
    .text                                    0x080013c4   Section        0  pins.o(.text)
    .text                                    0x08001444   Section        0  systick.o(.text)
    .text                                    0x08001544   Section        0  utils.o(.text)
    .text                                    0x080015c8   Section        0  spi.o(.text)
    .text                                    0x08001678   Section        0  max7456.o(.text)
    .text                                    0x08001a04   Section        0  usart.o(.text)
    mav_array_memcpy                         0x08001a05   Thumb Code    32  usart.o(.text)
    .text                                    0x08001cd4   Section        0  osdmavlink.o(.text)
    crc_accumulate                           0x08001cd5   Thumb Code    34  osdmavlink.o(.text)
    _mavlink_send_uart                       0x08001cf7   Thumb Code    52  osdmavlink.o(.text)
    _mav_finalize_message_chan_send          0x08001d2b   Thumb Code   212  osdmavlink.o(.text)
    mavlink_parse_char                       0x08001dff   Thumb Code   434  osdmavlink.o(.text)
    mav_array_memcpy                         0x08001fb1   Thumb Code    32  osdmavlink.o(.text)
    mavlink_get_channel_status               0x08002499   Thumb Code    14  osdmavlink.o(.text)
    mavlink_start_checksum                   0x080024a7   Thumb Code    12  osdmavlink.o(.text)
    mavlink_update_checksum                  0x080024b3   Thumb Code    16  osdmavlink.o(.text)
    _MAV_RETURN_uint16_t                     0x080024c3   Thumb Code    10  osdmavlink.o(.text)
    _MAV_RETURN_int16_t                      0x080024cd   Thumb Code    10  osdmavlink.o(.text)
    _MAV_RETURN_int32_t                      0x080024d7   Thumb Code    10  osdmavlink.o(.text)
    _MAV_RETURN_float                        0x080024e1   Thumb Code    10  osdmavlink.o(.text)
    .text                                    0x0800258c   Section        0  memcpya.o(.text)
    .text                                    0x080025b0   Section        0  memseta.o(.text)
    .text                                    0x080025d4   Section        0  fadd.o(.text)
    .text                                    0x08002684   Section        0  fmul.o(.text)
    .text                                    0x080026e8   Section        0  fdiv.o(.text)
    .text                                    0x08002764   Section        0  fflti.o(.text)
    .text                                    0x08002776   Section        0  ffltui.o(.text)
    .text                                    0x08002780   Section        0  ffixi.o(.text)
    .text                                    0x080027b4   Section       20  cfrcmple.o(.text)
    .text                                    0x080027c8   Section        0  uidiv.o(.text)
    .text                                    0x080027f4   Section        0  iusefp.o(.text)
    .text                                    0x080027f4   Section        0  fepilogue.o(.text)
    .text                                    0x08002864   Section       36  init.o(.text)
    i.__0printf$6                            0x08002888   Section        0  printf6.o(i.__0printf$6)
    i.__scatterload_copy                     0x080028a8   Section       14  handlers.o(i.__scatterload_copy)
    i.__scatterload_null                     0x080028b6   Section        2  handlers.o(i.__scatterload_null)
    i.__scatterload_zeroinit                 0x080028b8   Section       14  handlers.o(i.__scatterload_zeroinit)
    i._printf_core                           0x080028c8   Section        0  printf6.o(i._printf_core)
    _printf_core                             0x080028c9   Thumb Code   748  printf6.o(i._printf_core)
    i._printf_post_padding                   0x08002bb8   Section        0  printf6.o(i._printf_post_padding)
    _printf_post_padding                     0x08002bb9   Thumb Code    36  printf6.o(i._printf_post_padding)
    i._printf_pre_padding                    0x08002bdc   Section        0  printf6.o(i._printf_pre_padding)
    _printf_pre_padding                      0x08002bdd   Thumb Code    46  printf6.o(i._printf_pre_padding)
    .constdata                               0x08002c0c   Section      268  osdmavlink.o(.constdata)
    mavlink_message_crcs                     0x08002c0c   Data         256  osdmavlink.o(.constdata)
    .data                                    0x20000000   Section       20  stm32f10x_rcc.o(.data)
    APBAHBPrescTable                         0x20000000   Data          16  stm32f10x_rcc.o(.data)
    ADCPrescTable                            0x20000010   Data           4  stm32f10x_rcc.o(.data)
    .data                                    0x20000014   Section        8  main.o(.data)
    .data                                    0x2000001c   Section       20  system_stm32f10x.o(.data)
    .data                                    0x20000030   Section       12  systick.o(.data)
    sysTickMillis                            0x20000030   Data           4  systick.o(.data)
    sysTickPerUs                             0x20000034   Data           4  systick.o(.data)
    systickUserCallback                      0x20000038   Data           4  systick.o(.data)
    .data                                    0x2000003c   Section        5  max7456.o(.data)
    .data                                    0x20000041   Section        3  usart.o(.data)
    .data                                    0x20000044   Section       18  osdmavlink.o(.data)
    .data                                    0x20000058   Section      171  osdvar.o(.data)
    .data                                    0x20000104   Section        4  stdout.o(.data)
    .bss                                     0x20000108   Section     1300  usart.o(.bss)
    .bss                                     0x20000620   Section      248  osdmavlink.o(.bss)
    m_mavlink_status                         0x2000069c   Data          12  osdmavlink.o(.bss)
    m_mavlink_buffer                         0x200006a8   Data         112  osdmavlink.o(.bss)
    .bss                                     0x20000718   Section      128  osdvar.o(.bss)
    STACK                                    0x20000798   Section     1024  startup_stm32f10x_md.o(STACK)

    Global Symbols

    Symbol Name                              Value     Ov Type        Size  Object(Section)

    BuildAttributes$$THM_ISAv4$P$D$K$B$S$PE$A:L22UL41UL21$X:L11$S22US41US21$IEEE1$IW$USESV6$~STKCKD$USESV7$~SHL$OTIME$ROPI$IEEEX$EBA8$MICROLIB$REQ8$PRES8$EABIv2 0x00000000   Number         0  anon$$obj.o ABSOLUTE
    __ARM_use_no_argv                        0x00000000   Number         0  main.o ABSOLUTE
    _printf_a                                0x00000000   Number         0  stubs.o ABSOLUTE
    _printf_c                                0x00000000   Number         0  stubs.o ABSOLUTE
    _printf_charcount                        0x00000000   Number         0  stubs.o ABSOLUTE
    _printf_d                                0x00000000   Number         0  stubs.o ABSOLUTE
    _printf_e                                0x00000000   Number         0  stubs.o ABSOLUTE
    _printf_f                                0x00000000   Number         0  stubs.o ABSOLUTE
    _printf_flags                            0x00000000   Number         0  stubs.o ABSOLUTE
    _printf_fp_dec                           0x00000000   Number         0  stubs.o ABSOLUTE
    _printf_fp_hex                           0x00000000   Number         0  stubs.o ABSOLUTE
    _printf_g                                0x00000000   Number         0  stubs.o ABSOLUTE
    _printf_i                                0x00000000   Number         0  stubs.o ABSOLUTE
    _printf_int_dec                          0x00000000   Number         0  stubs.o ABSOLUTE
    _printf_l                                0x00000000   Number         0  stubs.o ABSOLUTE
    _printf_lc                               0x00000000   Number         0  stubs.o ABSOLUTE
    _printf_ll                               0x00000000   Number         0  stubs.o ABSOLUTE
    _printf_lld                              0x00000000   Number         0  stubs.o ABSOLUTE
    _printf_lli                              0x00000000   Number         0  stubs.o ABSOLUTE
    _printf_llo                              0x00000000   Number         0  stubs.o ABSOLUTE
    _printf_llu                              0x00000000   Number         0  stubs.o ABSOLUTE
    _printf_llx                              0x00000000   Number         0  stubs.o ABSOLUTE
    _printf_longlong_dec                     0x00000000   Number         0  stubs.o ABSOLUTE
    _printf_longlong_hex                     0x00000000   Number         0  stubs.o ABSOLUTE
    _printf_longlong_oct                     0x00000000   Number         0  stubs.o ABSOLUTE
    _printf_ls                               0x00000000   Number         0  stubs.o ABSOLUTE
    _printf_mbtowc                           0x00000000   Number         0  stubs.o ABSOLUTE
    _printf_n                                0x00000000   Number         0  stubs.o ABSOLUTE
    _printf_o                                0x00000000   Number         0  stubs.o ABSOLUTE
    _printf_p                                0x00000000   Number         0  stubs.o ABSOLUTE
    _printf_percent                          0x00000000   Number         0  stubs.o ABSOLUTE
    _printf_pre_padding                      0x00000000   Number         0  stubs.o ABSOLUTE
    _printf_return_value                     0x00000000   Number         0  stubs.o ABSOLUTE
    _printf_s                                0x00000000   Number         0  stubs.o ABSOLUTE
    _printf_sizespec                         0x00000000   Number         0  stubs.o ABSOLUTE
    _printf_str                              0x00000000   Number         0  stubs.o ABSOLUTE
    _printf_truncate_signed                  0x00000000   Number         0  stubs.o ABSOLUTE
    _printf_truncate_unsigned                0x00000000   Number         0  stubs.o ABSOLUTE
    _printf_u                                0x00000000   Number         0  stubs.o ABSOLUTE
    _printf_wc                               0x00000000   Number         0  stubs.o ABSOLUTE
    _printf_wctomb                           0x00000000   Number         0  stubs.o ABSOLUTE
    _printf_widthprec                        0x00000000   Number         0  stubs.o ABSOLUTE
    _printf_x                                0x00000000   Number         0  stubs.o ABSOLUTE
    __cpp_initialize__aeabi_                  - Undefined Weak Reference
    __cxa_finalize                            - Undefined Weak Reference
    __decompress                              - Undefined Weak Reference
    _clock_init                               - Undefined Weak Reference
    _microlib_exit                            - Undefined Weak Reference
    __Vectors_Size                           0x000000ec   Number         0  startup_stm32f10x_md.o ABSOLUTE
    __Vectors                                0x08000000   Data           4  startup_stm32f10x_md.o(RESET)
    __Vectors_End                            0x080000ec   Data           0  startup_stm32f10x_md.o(RESET)
    __main                                   0x080000ed   Thumb Code     0  entry.o(.ARM.Collect$$$$00000000)
    _main_stk                                0x080000ed   Thumb Code     0  entry2.o(.ARM.Collect$$$$00000001)
    _main_scatterload                        0x080000f1   Thumb Code     0  entry5.o(.ARM.Collect$$$$00000004)
    __main_after_scatterload                 0x080000f5   Thumb Code     0  entry5.o(.ARM.Collect$$$$00000004)
    _main_clock                              0x080000f5   Thumb Code     0  entry7b.o(.ARM.Collect$$$$00000008)
    _main_cpp_init                           0x080000f5   Thumb Code     0  entry8b.o(.ARM.Collect$$$$0000000A)
    _main_init                               0x080000f5   Thumb Code     0  entry9a.o(.ARM.Collect$$$$0000000B)
    __rt_final_cpp                           0x080000fd   Thumb Code     0  entry10a.o(.ARM.Collect$$$$0000000D)
    __rt_final_exit                          0x080000fd   Thumb Code     0  entry11a.o(.ARM.Collect$$$$0000000F)
    Reset_Handler                            0x08000101   Thumb Code     8  startup_stm32f10x_md.o(.text)
    ADC1_2_IRQHandler                        0x0800011b   Thumb Code     0  startup_stm32f10x_md.o(.text)
    CAN1_RX1_IRQHandler                      0x0800011b   Thumb Code     0  startup_stm32f10x_md.o(.text)
    CAN1_SCE_IRQHandler                      0x0800011b   Thumb Code     0  startup_stm32f10x_md.o(.text)
    DMA1_Channel1_IRQHandler                 0x0800011b   Thumb Code     0  startup_stm32f10x_md.o(.text)
    DMA1_Channel2_IRQHandler                 0x0800011b   Thumb Code     0  startup_stm32f10x_md.o(.text)
    DMA1_Channel3_IRQHandler                 0x0800011b   Thumb Code     0  startup_stm32f10x_md.o(.text)
    DMA1_Channel4_IRQHandler                 0x0800011b   Thumb Code     0  startup_stm32f10x_md.o(.text)
    DMA1_Channel5_IRQHandler                 0x0800011b   Thumb Code     0  startup_stm32f10x_md.o(.text)
    DMA1_Channel6_IRQHandler                 0x0800011b   Thumb Code     0  startup_stm32f10x_md.o(.text)
    DMA1_Channel7_IRQHandler                 0x0800011b   Thumb Code     0  startup_stm32f10x_md.o(.text)
    EXTI0_IRQHandler                         0x0800011b   Thumb Code     0  startup_stm32f10x_md.o(.text)
    EXTI15_10_IRQHandler                     0x0800011b   Thumb Code     0  startup_stm32f10x_md.o(.text)
    EXTI1_IRQHandler                         0x0800011b   Thumb Code     0  startup_stm32f10x_md.o(.text)
    EXTI2_IRQHandler                         0x0800011b   Thumb Code     0  startup_stm32f10x_md.o(.text)
    EXTI3_IRQHandler                         0x0800011b   Thumb Code     0  startup_stm32f10x_md.o(.text)
    EXTI4_IRQHandler                         0x0800011b   Thumb Code     0  startup_stm32f10x_md.o(.text)
    EXTI9_5_IRQHandler                       0x0800011b   Thumb Code     0  startup_stm32f10x_md.o(.text)
    FLASH_IRQHandler                         0x0800011b   Thumb Code     0  startup_stm32f10x_md.o(.text)
    I2C1_ER_IRQHandler                       0x0800011b   Thumb Code     0  startup_stm32f10x_md.o(.text)
    I2C1_EV_IRQHandler                       0x0800011b   Thumb Code     0  startup_stm32f10x_md.o(.text)
    I2C2_ER_IRQHandler                       0x0800011b   Thumb Code     0  startup_stm32f10x_md.o(.text)
    I2C2_EV_IRQHandler                       0x0800011b   Thumb Code     0  startup_stm32f10x_md.o(.text)
    PVD_IRQHandler                           0x0800011b   Thumb Code     0  startup_stm32f10x_md.o(.text)
    RCC_IRQHandler                           0x0800011b   Thumb Code     0  startup_stm32f10x_md.o(.text)
    RTCAlarm_IRQHandler                      0x0800011b   Thumb Code     0  startup_stm32f10x_md.o(.text)
    RTC_IRQHandler                           0x0800011b   Thumb Code     0  startup_stm32f10x_md.o(.text)
    SPI1_IRQHandler                          0x0800011b   Thumb Code     0  startup_stm32f10x_md.o(.text)
    SPI2_IRQHandler                          0x0800011b   Thumb Code     0  startup_stm32f10x_md.o(.text)
    TAMPER_IRQHandler                        0x0800011b   Thumb Code     0  startup_stm32f10x_md.o(.text)
    TIM1_BRK_IRQHandler                      0x0800011b   Thumb Code     0  startup_stm32f10x_md.o(.text)
    TIM1_CC_IRQHandler                       0x0800011b   Thumb Code     0  startup_stm32f10x_md.o(.text)
    TIM1_TRG_COM_IRQHandler                  0x0800011b   Thumb Code     0  startup_stm32f10x_md.o(.text)
    TIM1_UP_IRQHandler                       0x0800011b   Thumb Code     0  startup_stm32f10x_md.o(.text)
    TIM2_IRQHandler                          0x0800011b   Thumb Code     0  startup_stm32f10x_md.o(.text)
    TIM3_IRQHandler                          0x0800011b   Thumb Code     0  startup_stm32f10x_md.o(.text)
    TIM4_IRQHandler                          0x0800011b   Thumb Code     0  startup_stm32f10x_md.o(.text)
    USART1_IRQHandler                        0x0800011b   Thumb Code     0  startup_stm32f10x_md.o(.text)
    USART3_IRQHandler                        0x0800011b   Thumb Code     0  startup_stm32f10x_md.o(.text)
    USBWakeUp_IRQHandler                     0x0800011b   Thumb Code     0  startup_stm32f10x_md.o(.text)
    USB_HP_CAN1_TX_IRQHandler                0x0800011b   Thumb Code     0  startup_stm32f10x_md.o(.text)
    USB_LP_CAN1_RX0_IRQHandler               0x0800011b   Thumb Code     0  startup_stm32f10x_md.o(.text)
    WWDG_IRQHandler                          0x0800011b   Thumb Code     0  startup_stm32f10x_md.o(.text)
    NVIC_PriorityGroupConfig                 0x08000125   Thumb Code    10  misc.o(.text)
    NVIC_Init                                0x0800012f   Thumb Code   100  misc.o(.text)
    NVIC_SetVectorTable                      0x08000193   Thumb Code    14  misc.o(.text)
    NVIC_SystemLPConfig                      0x080001a1   Thumb Code    34  misc.o(.text)
    SysTick_CLKSourceConfig                  0x080001c3   Thumb Code    40  misc.o(.text)
    GPIO_DeInit                              0x08000201   Thumb Code   172  stm32f10x_gpio.o(.text)
    GPIO_AFIODeInit                          0x080002ad   Thumb Code    20  stm32f10x_gpio.o(.text)
    GPIO_Init                                0x080002c1   Thumb Code   278  stm32f10x_gpio.o(.text)
    GPIO_StructInit                          0x080003d7   Thumb Code    16  stm32f10x_gpio.o(.text)
    GPIO_ReadInputDataBit                    0x080003e7   Thumb Code    18  stm32f10x_gpio.o(.text)
    GPIO_ReadInputData                       0x080003f9   Thumb Code     8  stm32f10x_gpio.o(.text)
    GPIO_ReadOutputDataBit                   0x08000401   Thumb Code    18  stm32f10x_gpio.o(.text)
    GPIO_ReadOutputData                      0x08000413   Thumb Code     8  stm32f10x_gpio.o(.text)
    GPIO_SetBits                             0x0800041b   Thumb Code     4  stm32f10x_gpio.o(.text)
    GPIO_ResetBits                           0x0800041f   Thumb Code     4  stm32f10x_gpio.o(.text)
    GPIO_WriteBit                            0x08000423   Thumb Code    10  stm32f10x_gpio.o(.text)
    GPIO_Write                               0x0800042d   Thumb Code     4  stm32f10x_gpio.o(.text)
    GPIO_ToggleBits                          0x08000431   Thumb Code     8  stm32f10x_gpio.o(.text)
    GPIO_PinLockConfig                       0x08000439   Thumb Code    18  stm32f10x_gpio.o(.text)
    GPIO_EventOutputConfig                   0x0800044b   Thumb Code    26  stm32f10x_gpio.o(.text)
    GPIO_EventOutputCmd                      0x08000465   Thumb Code     6  stm32f10x_gpio.o(.text)
    GPIO_PinRemapConfig                      0x0800046b   Thumb Code   138  stm32f10x_gpio.o(.text)
    GPIO_EXTILineConfig                      0x080004f5   Thumb Code    66  stm32f10x_gpio.o(.text)
    GPIO_ETH_MediaInterfaceConfig            0x08000537   Thumb Code     8  stm32f10x_gpio.o(.text)
    RCC_DeInit                               0x08000565   Thumb Code    64  stm32f10x_rcc.o(.text)
    RCC_HSEConfig                            0x080005a5   Thumb Code    70  stm32f10x_rcc.o(.text)
    RCC_GetFlagStatus                        0x080005eb   Thumb Code    56  stm32f10x_rcc.o(.text)
    RCC_WaitForHSEStartUp                    0x08000623   Thumb Code    56  stm32f10x_rcc.o(.text)
    RCC_AdjustHSICalibrationValue            0x0800065b   Thumb Code    20  stm32f10x_rcc.o(.text)
    RCC_HSICmd                               0x0800066f   Thumb Code     6  stm32f10x_rcc.o(.text)
    RCC_PLLConfig                            0x08000675   Thumb Code    24  stm32f10x_rcc.o(.text)
    RCC_PLLCmd                               0x0800068d   Thumb Code     6  stm32f10x_rcc.o(.text)
    RCC_SYSCLKConfig                         0x08000693   Thumb Code    18  stm32f10x_rcc.o(.text)
    RCC_GetSYSCLKSource                      0x080006a5   Thumb Code    10  stm32f10x_rcc.o(.text)
    RCC_HCLKConfig                           0x080006af   Thumb Code    18  stm32f10x_rcc.o(.text)
    RCC_PCLK1Config                          0x080006c1   Thumb Code    18  stm32f10x_rcc.o(.text)
    RCC_PCLK2Config                          0x080006d3   Thumb Code    20  stm32f10x_rcc.o(.text)
    RCC_ITConfig                             0x080006e7   Thumb Code    26  stm32f10x_rcc.o(.text)
    RCC_USBCLKConfig                         0x08000701   Thumb Code     8  stm32f10x_rcc.o(.text)
    RCC_ADCCLKConfig                         0x08000709   Thumb Code    18  stm32f10x_rcc.o(.text)
    RCC_LSEConfig                            0x0800071b   Thumb Code    50  stm32f10x_rcc.o(.text)
    RCC_LSICmd                               0x0800074d   Thumb Code     6  stm32f10x_rcc.o(.text)
    RCC_RTCCLKConfig                         0x08000753   Thumb Code    12  stm32f10x_rcc.o(.text)
    RCC_RTCCLKCmd                            0x0800075f   Thumb Code     8  stm32f10x_rcc.o(.text)
    RCC_GetClocksFreq                        0x08000767   Thumb Code   192  stm32f10x_rcc.o(.text)
    RCC_AHBPeriphClockCmd                    0x08000827   Thumb Code    26  stm32f10x_rcc.o(.text)
    RCC_APB2PeriphClockCmd                   0x08000841   Thumb Code    26  stm32f10x_rcc.o(.text)
    RCC_APB1PeriphClockCmd                   0x0800085b   Thumb Code    26  stm32f10x_rcc.o(.text)
    RCC_APB2PeriphResetCmd                   0x08000875   Thumb Code    26  stm32f10x_rcc.o(.text)
    RCC_APB1PeriphResetCmd                   0x0800088f   Thumb Code    26  stm32f10x_rcc.o(.text)
    RCC_BackupResetCmd                       0x080008a9   Thumb Code     8  stm32f10x_rcc.o(.text)
    RCC_ClockSecuritySystemCmd               0x080008b1   Thumb Code     6  stm32f10x_rcc.o(.text)
    RCC_MCOConfig                            0x080008b7   Thumb Code     6  stm32f10x_rcc.o(.text)
    RCC_ClearFlag                            0x080008bd   Thumb Code    14  stm32f10x_rcc.o(.text)
    RCC_GetITStatus                          0x080008cb   Thumb Code    20  stm32f10x_rcc.o(.text)
    RCC_ClearITPendingBit                    0x080008df   Thumb Code     6  stm32f10x_rcc.o(.text)
    USART_DeInit                             0x08000909   Thumb Code   134  stm32f10x_usart.o(.text)
    USART_Init                               0x0800098f   Thumb Code   210  stm32f10x_usart.o(.text)
    USART_StructInit                         0x08000a61   Thumb Code    24  stm32f10x_usart.o(.text)
    USART_ClockInit                          0x08000a79   Thumb Code    34  stm32f10x_usart.o(.text)
    USART_ClockStructInit                    0x08000a9b   Thumb Code    12  stm32f10x_usart.o(.text)
    USART_Cmd                                0x08000aa7   Thumb Code    24  stm32f10x_usart.o(.text)
    USART_ITConfig                           0x08000abf   Thumb Code    74  stm32f10x_usart.o(.text)
    USART_DMACmd                             0x08000b09   Thumb Code    18  stm32f10x_usart.o(.text)
    USART_SetAddress                         0x08000b1b   Thumb Code    18  stm32f10x_usart.o(.text)
    USART_WakeUpConfig                       0x08000b2d   Thumb Code    18  stm32f10x_usart.o(.text)
    USART_ReceiverWakeUpCmd                  0x08000b3f   Thumb Code    24  stm32f10x_usart.o(.text)
    USART_LINBreakDetectLengthConfig         0x08000b57   Thumb Code    18  stm32f10x_usart.o(.text)
    USART_LINCmd                             0x08000b69   Thumb Code    24  stm32f10x_usart.o(.text)
    USART_SendData                           0x08000b81   Thumb Code     8  stm32f10x_usart.o(.text)
    USART_ReceiveData                        0x08000b89   Thumb Code    10  stm32f10x_usart.o(.text)
    USART_SendBreak                          0x08000b93   Thumb Code    10  stm32f10x_usart.o(.text)
    USART_SetGuardTime                       0x08000b9d   Thumb Code    16  stm32f10x_usart.o(.text)
    USART_SetPrescaler                       0x08000bad   Thumb Code    16  stm32f10x_usart.o(.text)
    USART_SmartCardCmd                       0x08000bbd   Thumb Code    24  stm32f10x_usart.o(.text)
    USART_SmartCardNACKCmd                   0x08000bd5   Thumb Code    24  stm32f10x_usart.o(.text)
    USART_HalfDuplexCmd                      0x08000bed   Thumb Code    24  stm32f10x_usart.o(.text)
    USART_OverSampling8Cmd                   0x08000c05   Thumb Code    22  stm32f10x_usart.o(.text)
    USART_OneBitMethodCmd                    0x08000c1b   Thumb Code    24  stm32f10x_usart.o(.text)
    USART_IrDAConfig                         0x08000c33   Thumb Code    18  stm32f10x_usart.o(.text)
    USART_IrDACmd                            0x08000c45   Thumb Code    24  stm32f10x_usart.o(.text)
    USART_GetFlagStatus                      0x08000c5d   Thumb Code    26  stm32f10x_usart.o(.text)
    USART_ClearFlag                          0x08000c77   Thumb Code    18  stm32f10x_usart.o(.text)
    USART_GetITStatus                        0x08000c89   Thumb Code    84  stm32f10x_usart.o(.text)
    USART_ClearITPendingBit                  0x08000cdd   Thumb Code    52  stm32f10x_usart.o(.text)
    SPI_I2S_DeInit                           0x08000d11   Thumb Code    76  stm32f10x_spi.o(.text)
    SPI_Init                                 0x08000d5d   Thumb Code    60  stm32f10x_spi.o(.text)
    I2S_Init                                 0x08000d99   Thumb Code   226  stm32f10x_spi.o(.text)
    SPI_StructInit                           0x08000e7b   Thumb Code    24  stm32f10x_spi.o(.text)
    I2S_StructInit                           0x08000e93   Thumb Code    20  stm32f10x_spi.o(.text)
    SPI_Cmd                                  0x08000ea7   Thumb Code    24  stm32f10x_spi.o(.text)
    I2S_Cmd                                  0x08000ebf   Thumb Code    24  stm32f10x_spi.o(.text)
    SPI_I2S_ITConfig                         0x08000ed7   Thumb Code    32  stm32f10x_spi.o(.text)
    SPI_I2S_DMACmd                           0x08000ef7   Thumb Code    18  stm32f10x_spi.o(.text)
    SPI_I2S_SendData                         0x08000f09   Thumb Code     4  stm32f10x_spi.o(.text)
    SPI_I2S_ReceiveData                      0x08000f0d   Thumb Code     6  stm32f10x_spi.o(.text)
    SPI_NSSInternalSoftwareConfig            0x08000f13   Thumb Code    30  stm32f10x_spi.o(.text)
    SPI_SSOutputCmd                          0x08000f31   Thumb Code    24  stm32f10x_spi.o(.text)
    SPI_DataSizeConfig                       0x08000f49   Thumb Code    18  stm32f10x_spi.o(.text)
    SPI_TransmitCRC                          0x08000f5b   Thumb Code    10  stm32f10x_spi.o(.text)
    SPI_CalculateCRC                         0x08000f65   Thumb Code    24  stm32f10x_spi.o(.text)
    SPI_GetCRC                               0x08000f7d   Thumb Code    16  stm32f10x_spi.o(.text)
    SPI_GetCRCPolynomial                     0x08000f8d   Thumb Code     6  stm32f10x_spi.o(.text)
    SPI_BiDirectionalLineConfig              0x08000f93   Thumb Code    28  stm32f10x_spi.o(.text)
    SPI_I2S_GetFlagStatus                    0x08000faf   Thumb Code    18  stm32f10x_spi.o(.text)
    SPI_I2S_ClearFlag                        0x08000fc1   Thumb Code     6  stm32f10x_spi.o(.text)
    SPI_I2S_GetITStatus                      0x08000fc7   Thumb Code    52  stm32f10x_spi.o(.text)
    SPI_I2S_ClearITPendingBit                0x08000ffb   Thumb Code    20  stm32f10x_spi.o(.text)
    fputc                                    0x0800103d   Thumb Code    56  main.o(.text)
    Periph_clock_enable                      0x08001075   Thumb Code    14  main.o(.text)
    setup                                    0x08001083   Thumb Code    28  main.o(.text)
    main                                     0x0800109f   Thumb Code   210  main.o(.text)
    NMI_Handler                              0x080011cd   Thumb Code     2  stm32f10x_it.o(.text)
    HardFault_Handler                        0x080011cf   Thumb Code     4  stm32f10x_it.o(.text)
    MemManage_Handler                        0x080011d3   Thumb Code     4  stm32f10x_it.o(.text)
    BusFault_Handler                         0x080011d7   Thumb Code     4  stm32f10x_it.o(.text)
    UsageFault_Handler                       0x080011db   Thumb Code     4  stm32f10x_it.o(.text)
    SVC_Handler                              0x080011df   Thumb Code     2  stm32f10x_it.o(.text)
    DebugMon_Handler                         0x080011e1   Thumb Code     2  stm32f10x_it.o(.text)
    PendSV_Handler                           0x080011e3   Thumb Code     2  stm32f10x_it.o(.text)
    SystemInit                               0x080012c3   Thumb Code    78  system_stm32f10x.o(.text)
    SystemCoreClockUpdate                    0x08001311   Thumb Code   142  system_stm32f10x.o(.text)
    GPIO_Config                              0x080013c5   Thumb Code   118  pins.o(.text)
    micros                                   0x08001445   Thumb Code    78  systick.o(.text)
    millis                                   0x08001493   Thumb Code     6  systick.o(.text)
    SysTick_Handler                          0x08001499   Thumb Code    38  systick.o(.text)
    SysTickAttachCallback                    0x080014bf   Thumb Code     6  systick.o(.text)
    InitSysTick                              0x080014c5   Thumb Code    98  systick.o(.text)
    LEDtoggle                                0x08001545   Thumb Code    16  utils.o(.text)
    Delay_us                                 0x08001555   Thumb Code    18  utils.o(.text)
    Delay_ms                                 0x08001567   Thumb Code    18  utils.o(.text)
    Rad2Deg                                  0x08001579   Thumb Code    14  utils.o(.text)
    Deg2Rad                                  0x08001587   Thumb Code    14  utils.o(.text)
    Round                                    0x08001595   Thumb Code    38  utils.o(.text)
    SPI1_Init                                0x080015c9   Thumb Code    86  spi.o(.text)
    SPI1_SetSpeed                            0x0800161f   Thumb Code    36  spi.o(.text)
    SPI1_TransferByte                        0x08001643   Thumb Code    50  spi.o(.text)
    SPI_MAX7456_clear                        0x08001679   Thumb Code    32  max7456.o(.text)
    SPI_MAX7456_control                      0x08001699   Thumb Code    62  max7456.o(.text)
    SPI_MAX7456_setMode                      0x080016d7   Thumb Code    28  max7456.o(.text)
    SPI_MAX7456_detectMode                   0x080016f3   Thumb Code    10  max7456.o(.text)
    SPI_MAX7456_init                         0x080016fd   Thumb Code   154  max7456.o(.text)
    SPI_MAX7456_setPanel                     0x08001797   Thumb Code    18  max7456.o(.text)
    SPI_MAX7456_openPanel                    0x080017a9   Thumb Code    82  max7456.o(.text)
    SPI_MAX7456_writeSingle                  0x080017fb   Thumb Code    82  max7456.o(.text)
    SPI_MAX7456_closePanel                   0x0800184d   Thumb Code    40  max7456.o(.text)
    SPI_MAX7456_write                        0x08001875   Thumb Code    32  max7456.o(.text)
    SPI_MAX7456_write_NVM                    0x08001895   Thumb Code   136  max7456.o(.text)
    read_one_char_from_NVM                   0x0800191d   Thumb Code   202  max7456.o(.text)
    usart_init                               0x08001a25   Thumb Code   150  usart.o(.text)
    usart_send_byte                          0x08001abb   Thumb Code    28  usart.o(.text)
    usart_send_str                           0x08001ad7   Thumb Code    40  usart.o(.text)
    usart_available                          0x08001aff   Thumb Code    12  usart.o(.text)
    usart_get_char                           0x08001b0b   Thumb Code    12  usart.o(.text)
    usart_available_packet_to_proc           0x08001b17   Thumb Code    38  usart.o(.text)
    usart_available_packet_to_recv           0x08001b3d   Thumb Code    36  usart.o(.text)
    USART2_IRQHandler                        0x08001b61   Thumb Code   342  usart.o(.text)
    request_mavlink_rates                    0x08001fd1   Thumb Code   106  osdmavlink.o(.text)
    process_mavlink2                         0x0800203b   Thumb Code   862  osdmavlink.o(.text)
    uploadFont                               0x08002399   Thumb Code   256  osdmavlink.o(.text)
    __aeabi_memcpy                           0x0800258d   Thumb Code    36  memcpya.o(.text)
    __aeabi_memcpy4                          0x0800258d   Thumb Code     0  memcpya.o(.text)
    __aeabi_memcpy8                          0x0800258d   Thumb Code     0  memcpya.o(.text)
    __aeabi_memset                           0x080025b1   Thumb Code    14  memseta.o(.text)
    __aeabi_memset4                          0x080025b1   Thumb Code     0  memseta.o(.text)
    __aeabi_memset8                          0x080025b1   Thumb Code     0  memseta.o(.text)
    __aeabi_memclr                           0x080025bf   Thumb Code     4  memseta.o(.text)
    __aeabi_memclr4                          0x080025bf   Thumb Code     0  memseta.o(.text)
    __aeabi_memclr8                          0x080025bf   Thumb Code     0  memseta.o(.text)
    _memset$wrapper                          0x080025c3   Thumb Code    18  memseta.o(.text)
    __aeabi_fadd                             0x080025d5   Thumb Code   164  fadd.o(.text)
    __aeabi_fsub                             0x08002679   Thumb Code     6  fadd.o(.text)
    __aeabi_frsub                            0x0800267f   Thumb Code     6  fadd.o(.text)
    __aeabi_fmul                             0x08002685   Thumb Code   100  fmul.o(.text)
    __aeabi_fdiv                             0x080026e9   Thumb Code   124  fdiv.o(.text)
    __aeabi_i2f                              0x08002765   Thumb Code    18  fflti.o(.text)
    __aeabi_ui2f                             0x08002777   Thumb Code    10  ffltui.o(.text)
    __aeabi_f2iz                             0x08002781   Thumb Code    50  ffixi.o(.text)
    __aeabi_cfrcmple                         0x080027b5   Thumb Code    20  cfrcmple.o(.text)
    __aeabi_uidiv                            0x080027c9   Thumb Code     0  uidiv.o(.text)
    __aeabi_uidivmod                         0x080027c9   Thumb Code    44  uidiv.o(.text)
    __I$use$fp                               0x080027f5   Thumb Code     0  iusefp.o(.text)
    _float_round                             0x080027f5   Thumb Code    18  fepilogue.o(.text)
    _float_epilogue                          0x08002807   Thumb Code    92  fepilogue.o(.text)
    __scatterload                            0x08002865   Thumb Code    28  init.o(.text)
    __scatterload_rt2                        0x08002865   Thumb Code     0  init.o(.text)
    __0printf$6                              0x08002889   Thumb Code    22  printf6.o(i.__0printf$6)
    __1printf$6                              0x08002889   Thumb Code     0  printf6.o(i.__0printf$6)
    __2printf                                0x08002889   Thumb Code     0  printf6.o(i.__0printf$6)
    __scatterload_copy                       0x080028a9   Thumb Code    14  handlers.o(i.__scatterload_copy)
    __scatterload_null                       0x080028b7   Thumb Code     2  handlers.o(i.__scatterload_null)
    __scatterload_zeroinit                   0x080028b9   Thumb Code    14  handlers.o(i.__scatterload_zeroinit)
    Region$$Table$$Base                      0x08002d18   Number         0  anon$$obj.o(Region$$Table)
    Region$$Table$$Limit                     0x08002d38   Number         0  anon$$obj.o(Region$$Table)
    io_redirect                              0x20000014   Data           1  main.o(.data)
    app_start_time                           0x20000018   Data           4  main.o(.data)
    SystemCoreClock                          0x2000001c   Data           4  system_stm32f10x.o(.data)
    AHBPrescTable                            0x20000020   Data          16  system_stm32f10x.o(.data)
    max7456_startCol                         0x2000003c   Data           1  max7456.o(.data)
    max7456_startRow                         0x2000003d   Data           1  max7456.o(.data)
    max7456_col                              0x2000003e   Data           1  max7456.o(.data)
    max7456_row                              0x2000003f   Data           1  max7456.o(.data)
    max7456_videoMode                        0x20000040   Data           1  max7456.o(.data)
    cur_mav_recv_buf_index                   0x20000041   Data           1  usart.o(.data)
    last_mav_recv_buf_index                  0x20000042   Data           1  usart.o(.data)
    max_mav_msg_length                       0x20000043   Data           1  usart.o(.data)
    mavlink_active                           0x20000044   Data           1  osdmavlink.o(.data)
    packet_drops                             0x20000048   Data           4  osdmavlink.o(.data)
    parse_error                              0x2000004c   Data           4  osdmavlink.o(.data)
    mavlink_system                           0x20000050   Data           6  osdmavlink.o(.data)
    mavbeat                                  0x20000058   Data           1  osdvar.o(.data)
    lastMAVBeat                              0x2000005c   Data           4  osdvar.o(.data)
    lastWritePanel                           0x20000060   Data           4  osdvar.o(.data)
    waitingMAVBeats                          0x20000064   Data           1  osdvar.o(.data)
    apm_mav_type                             0x20000065   Data           1  osdvar.o(.data)
    apm_mav_system                           0x20000066   Data           1  osdvar.o(.data)
    apm_mav_component                        0x20000067   Data           1  osdvar.o(.data)
    enable_mav_request                       0x20000068   Data           1  osdvar.o(.data)
    osd_vbat_A                               0x2000006c   Data           4  osdvar.o(.data)
    osd_curr_A                               0x20000070   Data           2  osdvar.o(.data)
    osd_battery_remaining_A                  0x20000072   Data           1  osdvar.o(.data)
    osd_pitch                                0x20000073   Data           1  osdvar.o(.data)
    osd_roll                                 0x20000074   Data           1  osdvar.o(.data)
    osd_yaw                                  0x20000075   Data           1  osdvar.o(.data)
    osd_heading                              0x20000078   Data           4  osdvar.o(.data)
    osd_lat                                  0x2000007c   Data           4  osdvar.o(.data)
    osd_lon                                  0x20000080   Data           4  osdvar.o(.data)
    osd_satellites_visible                   0x20000084   Data           1  osdvar.o(.data)
    osd_fix_type                             0x20000085   Data           1  osdvar.o(.data)
    osd_airspeed                             0x20000088   Data           4  osdvar.o(.data)
    osd_groundspeed                          0x2000008c   Data           4  osdvar.o(.data)
    osd_throttle                             0x20000090   Data           2  osdvar.o(.data)
    osd_alt                                  0x20000094   Data           4  osdvar.o(.data)
    osd_climb                                0x20000098   Data           4  osdvar.o(.data)
    nav_roll                                 0x2000009c   Data           4  osdvar.o(.data)
    nav_pitch                                0x200000a0   Data           4  osdvar.o(.data)
    nav_bearing                              0x200000a4   Data           2  osdvar.o(.data)
    wp_target_bearing                        0x200000a6   Data           2  osdvar.o(.data)
    wp_target_bearing_rotate_int             0x200000a8   Data           1  osdvar.o(.data)
    wp_dist                                  0x200000aa   Data           2  osdvar.o(.data)
    wp_number                                0x200000ac   Data           1  osdvar.o(.data)
    alt_error                                0x200000b0   Data           4  osdvar.o(.data)
    aspd_error                               0x200000b4   Data           4  osdvar.o(.data)
    xtrack_error                             0x200000b8   Data           4  osdvar.o(.data)
    eff                                      0x200000bc   Data           4  osdvar.o(.data)
    chan1_raw                                0x200000c0   Data           2  osdvar.o(.data)
    chan2_raw                                0x200000c2   Data           2  osdvar.o(.data)
    osd_chan5_raw                            0x200000c4   Data           2  osdvar.o(.data)
    osd_chan6_raw                            0x200000c6   Data           2  osdvar.o(.data)
    osd_chan7_raw                            0x200000c8   Data           2  osdvar.o(.data)
    osd_chan8_raw                            0x200000ca   Data           2  osdvar.o(.data)
    osd_rssi                                 0x200000cc   Data           1  osdvar.o(.data)
    request_next_font                        0x200000cd   Data           1  osdvar.o(.data)
    cur_recv_buf_index                       0x200000ce   Data           1  osdvar.o(.data)
    font_count                               0x200000d0   Data           2  osdvar.o(.data)
    font_uploading                           0x200000d2   Data           1  osdvar.o(.data)
    byte_count                               0x200000d4   Data           2  osdvar.o(.data)
    bit_count                                0x200000d6   Data           1  osdvar.o(.data)
    ascii_binary                             0x200000d7   Data           8  osdvar.o(.data)
    _panSpeed_XY                             0x200000df   Data           2  osdvar.o(.data)
    _panThrottle_XY                          0x200000e1   Data           2  osdvar.o(.data)
    _panVehicleAlt_XY                        0x200000e3   Data           2  osdvar.o(.data)
    _panPitch_XY                             0x200000e5   Data           2  osdvar.o(.data)
    _panRoll_XY                              0x200000e7   Data           2  osdvar.o(.data)
    _panHomeDir_XY                           0x200000e9   Data           2  osdvar.o(.data)
    _panHomeDist_XY                          0x200000eb   Data           2  osdvar.o(.data)
    _panMode_XY                              0x200000ed   Data           2  osdvar.o(.data)
    _panTime_XY                              0x200000ef   Data           2  osdvar.o(.data)
    _panHorizon_XY                           0x200000f1   Data           2  osdvar.o(.data)
    _panGPSSats_XY                           0x200000f3   Data           2  osdvar.o(.data)
    _panGPSCoord_XY                          0x200000f5   Data           2  osdvar.o(.data)
    _panBatteryVol_XY                        0x200000f7   Data           2  osdvar.o(.data)
    _panBatteryCurrent_XY                    0x200000f9   Data           2  osdvar.o(.data)
    _panBatteryPercent_XY                    0x200000fb   Data           2  osdvar.o(.data)
    _panBatteryConsume_XY                    0x200000fd   Data           2  osdvar.o(.data)
    _panWPDir_XY                             0x200000ff   Data           2  osdvar.o(.data)
    _panWPDist_XY                            0x20000101   Data           2  osdvar.o(.data)
    __stdout                                 0x20000104   Data           4  stdout.o(.data)
    mavlink_buf                              0x20000108   Data        1300  usart.o(.bss)
    msg                                      0x20000620   Data         112  osdmavlink.o(.bss)
    status                                   0x20000690   Data          12  osdmavlink.o(.bss)
    character_bitmap                         0x20000718   Data          64  osdvar.o(.bss)
    character_bitmap2                        0x20000758   Data          64  osdvar.o(.bss)
    __initial_sp                             0x20000b98   Data           0  startup_stm32f10x_md.o(STACK)



==============================================================================

Memory Map of the image

  Image Entry point : 0x080000ed

  Load Region LR_IROM1 (Base: 0x08000000, Size: 0x00002e40, Max: 0x00010000, ABSOLUTE)

    Execution Region ER_IROM1 (Base: 0x08000000, Size: 0x00002d38, Max: 0x00010000, ABSOLUTE)

    Base Addr    Size         Type   Attr      Idx    E Section Name        Object

    0x08000000   0x000000ec   Data   RO           19    RESET               startup_stm32f10x_md.o
    0x080000ec   0x00000000   Code   RO          729  * .ARM.Collect$$$$00000000  mc_w.l(entry.o)
    0x080000ec   0x00000004   Code   RO         1054    .ARM.Collect$$$$00000001  mc_w.l(entry2.o)
    0x080000f0   0x00000004   Code   RO         1057    .ARM.Collect$$$$00000004  mc_w.l(entry5.o)
    0x080000f4   0x00000000   Code   RO         1059    .ARM.Collect$$$$00000008  mc_w.l(entry7b.o)
    0x080000f4   0x00000000   Code   RO         1061    .ARM.Collect$$$$0000000A  mc_w.l(entry8b.o)
    0x080000f4   0x00000008   Code   RO         1062    .ARM.Collect$$$$0000000B  mc_w.l(entry9a.o)
    0x080000fc   0x00000000   Code   RO         1064    .ARM.Collect$$$$0000000D  mc_w.l(entry10a.o)
    0x080000fc   0x00000000   Code   RO         1066    .ARM.Collect$$$$0000000F  mc_w.l(entry11a.o)
    0x080000fc   0x00000004   Code   RO         1055    .ARM.Collect$$$$00002712  mc_w.l(entry2.o)
    0x08000100   0x00000024   Code   RO           20    .text               startup_stm32f10x_md.o
    0x08000124   0x000000dc   Code   RO           24    .text               misc.o
    0x08000200   0x00000364   Code   RO           68    .text               stm32f10x_gpio.o
    0x08000564   0x000003a4   Code   RO           80    .text               stm32f10x_rcc.o
    0x08000908   0x00000408   Code   RO           94    .text               stm32f10x_usart.o
    0x08000d10   0x0000030c   Code   RO          106    .text               stm32f10x_spi.o
    0x0800101c   0x000001b0   Code   RO          118    .text               main.o
    0x080011cc   0x00000018   Code   RO          491    .text               stm32f10x_it.o
    0x080011e4   0x000001e0   Code   RO          506    .text               system_stm32f10x.o
    0x080013c4   0x00000080   Code   RO          524    .text               pins.o
    0x08001444   0x00000100   Code   RO          536    .text               systick.o
    0x08001544   0x00000084   Code   RO          557    .text               utils.o
    0x080015c8   0x000000b0   Code   RO          577    .text               spi.o
    0x08001678   0x0000038c   Code   RO          592    .text               max7456.o
    0x08001a04   0x000002d0   Code   RO          610    .text               usart.o
    0x08001cd4   0x000008b8   Code   RO          632    .text               osdmavlink.o
    0x0800258c   0x00000024   Code   RO          732    .text               mc_w.l(memcpya.o)
    0x080025b0   0x00000024   Code   RO          734    .text               mc_w.l(memseta.o)
    0x080025d4   0x000000b0   Code   RO          999    .text               mf_w.l(fadd.o)
    0x08002684   0x00000064   Code   RO         1001    .text               mf_w.l(fmul.o)
    0x080026e8   0x0000007c   Code   RO         1003    .text               mf_w.l(fdiv.o)
    0x08002764   0x00000012   Code   RO         1009    .text               mf_w.l(fflti.o)
    0x08002776   0x0000000a   Code   RO         1011    .text               mf_w.l(ffltui.o)
    0x08002780   0x00000032   Code   RO         1015    .text               mf_w.l(ffixi.o)
    0x080027b2   0x00000002   PAD
    0x080027b4   0x00000014   Code   RO         1027    .text               mf_w.l(cfrcmple.o)
    0x080027c8   0x0000002c   Code   RO         1069    .text               mc_w.l(uidiv.o)
    0x080027f4   0x00000000   Code   RO         1086    .text               mc_w.l(iusefp.o)
    0x080027f4   0x0000006e   Code   RO         1087    .text               mf_w.l(fepilogue.o)
    0x08002862   0x00000002   PAD
    0x08002864   0x00000024   Code   RO         1103    .text               mc_w.l(init.o)
    0x08002888   0x00000020   Code   RO          893    i.__0printf$6       mc_w.l(printf6.o)
    0x080028a8   0x0000000e   Code   RO         1111    i.__scatterload_copy  mc_w.l(handlers.o)
    0x080028b6   0x00000002   Code   RO         1112    i.__scatterload_null  mc_w.l(handlers.o)
    0x080028b8   0x0000000e   Code   RO         1113    i.__scatterload_zeroinit  mc_w.l(handlers.o)
    0x080028c6   0x00000002   PAD
    0x080028c8   0x000002f0   Code   RO          900    i._printf_core      mc_w.l(printf6.o)
    0x08002bb8   0x00000024   Code   RO          901    i._printf_post_padding  mc_w.l(printf6.o)
    0x08002bdc   0x0000002e   Code   RO          902    i._printf_pre_padding  mc_w.l(printf6.o)
    0x08002c0a   0x00000002   PAD
    0x08002c0c   0x0000010c   Data   RO          634    .constdata          osdmavlink.o
    0x08002d18   0x00000020   Data   RO         1109    Region$$Table       anon$$obj.o


    Execution Region RW_IRAM1 (Base: 0x20000000, Size: 0x00000b98, Max: 0x00005000, ABSOLUTE)

    Base Addr    Size         Type   Attr      Idx    E Section Name        Object

    0x20000000   0x00000014   Data   RW           81    .data               stm32f10x_rcc.o
    0x20000014   0x00000008   Data   RW          119    .data               main.o
    0x2000001c   0x00000014   Data   RW          507    .data               system_stm32f10x.o
    0x20000030   0x0000000c   Data   RW          537    .data               systick.o
    0x2000003c   0x00000005   Data   RW          593    .data               max7456.o
    0x20000041   0x00000003   Data   RW          612    .data               usart.o
    0x20000044   0x00000012   Data   RW          635    .data               osdmavlink.o
    0x20000056   0x00000002   PAD
    0x20000058   0x000000ab   Data   RW          689    .data               osdvar.o
    0x20000103   0x00000001   PAD
    0x20000104   0x00000004   Data   RW         1068    .data               mc_w.l(stdout.o)
    0x20000108   0x00000514   Zero   RW          611    .bss                usart.o
    0x2000061c   0x00000004   PAD
    0x20000620   0x000000f8   Zero   RW          633    .bss                osdmavlink.o
    0x20000718   0x00000080   Zero   RW          688    .bss                osdvar.o
    0x20000798   0x00000400   Zero   RW           17    STACK               startup_stm32f10x_md.o


==============================================================================

Image component sizes


      Code (inc. data)   RO Data    RW Data    ZI Data      Debug   Object Name

         0          0          0          0          0       4524   core_cm3.o
       432         92          0          8          0     209200   main.o
       908         30          0          5          0       3879   max7456.o
       220         22          0          0          0     234813   misc.o
      2232        256        268         18        248      42768   osdmavlink.o
         0          0          0        171        128       3610   osdvar.o
       128         10          0          0          0        470   pins.o
       176          4          0          0          0        864   spi.o
        36          8        236          0       1024        736   startup_stm32f10x_md.o
       868         38          0          0          0       5709   stm32f10x_gpio.o
        24          0          0          0          0       1046   stm32f10x_it.o
       932         36          0         20          0       8652   stm32f10x_rcc.o
       780         14          0          0          0       6414   stm32f10x_spi.o
      1032         22          0          0          0       8256   stm32f10x_usart.o
       480         38          0         20          0       1611   system_stm32f10x.o
       256         30          0         12          0      16857   systick.o
       720         30          0          3       1300       3907   usart.o
       132         14          0          0          0       1220   utils.o

    ----------------------------------------------------------------------
      9356        644        536        260       2704     554536   Object Totals
         0          0         32          0          0          0   (incl. Generated)
         0          0          0          3          4          0   (incl. Padding)

    ----------------------------------------------------------------------

      Code (inc. data)   RO Data    RW Data    ZI Data      Debug   Library Member Name

         0          0          0          0          0          0   entry.o
         0          0          0          0          0          0   entry10a.o
         0          0          0          0          0          0   entry11a.o
         8          4          0          0          0          0   entry2.o
         4          0          0          0          0          0   entry5.o
         0          0          0          0          0          0   entry7b.o
         0          0          0          0          0          0   entry8b.o
         8          4          0          0          0          0   entry9a.o
        30          0          0          0          0          0   handlers.o
        36          8          0          0          0         68   init.o
         0          0          0          0          0          0   iusefp.o
        36          0          0          0          0         68   memcpya.o
        36          0          0          0          0        108   memseta.o
       866         14          0          0          0        352   printf6.o
         0          0          0          4          0          0   stdout.o
        44          0          0          0          0         80   uidiv.o
        20          0          0          0          0         68   cfrcmple.o
       176          0          0          0          0        140   fadd.o
       124          0          0          0          0         88   fdiv.o
       110          0          0          0          0        168   fepilogue.o
        50          0          0          0          0         68   ffixi.o
        18          0          0          0          0         68   fflti.o
        10          0          0          0          0         68   ffltui.o
       100          0          0          0          0         76   fmul.o

    ----------------------------------------------------------------------
      1684         30          0          4          0       1420   Library Totals
         8          0          0          0          0          0   (incl. Padding)

    ----------------------------------------------------------------------

      Code (inc. data)   RO Data    RW Data    ZI Data      Debug   Library Name

      1068         30          0          4          0        676   mc_w.l
       608          0          0          0          0        744   mf_w.l

    ----------------------------------------------------------------------
      1684         30          0          4          0       1420   Library Totals

    ----------------------------------------------------------------------

==============================================================================


      Code (inc. data)   RO Data    RW Data    ZI Data      Debug   

     11040        674        536        264       2704     554132   Grand Totals
     11040        674        536        264       2704     554132   ELF Image Totals
     11040        674        536        264          0          0   ROM Totals

==============================================================================

    Total RO  Size (Code + RO Data)                11576 (  11.30kB)
    Total RW  Size (RW Data + ZI Data)              2968 (   2.90kB)
    Total ROM Size (Code + RO Data + RW Data)      11840 (  11.56kB)

==============================================================================

